C51 COMPILER V9.60.7.0   LED                                                               03/19/2026 18:37:01 PAGE 1   


C51 COMPILER V9.60.7.0, COMPILATION OF MODULE LED
OBJECT MODULE PLACED IN .\Objects\led.obj
COMPILER INVOKED BY: C:\AAA\C51\BIN\C51.EXE ..\src\driver\led.c OPTIMIZE(8,SPEED) BROWSE INCDIR(..\src\driver) DEBUG OBJ
                    -ECTEXTEND PRINT(.\Listings\led.lst) TABS(2) OBJECT(.\Objects\led.obj)

line level    source

   1          #include "led.h"
   2          
   3          idata unsigned char temp_1 = 0x00; // 当前LED状态
   4          idata unsigned char temp_1_old = 0xff; // 上一次LED状态
   5          
   6          /**
   7           * @brief LED扫描函数
   8           * @param ucled 指向包含8个元素的数组首地址，用于记录8个LED的状态
   9           * @note  仅在检测到LED状态改变时，才更新硬件
  10           */
  11          void led_disp(unsigned char *ucled) {
  12   1        unsigned char temp;
  13   1        
  14   1        temp_1 = 0x00; // 初始化LED状态
  15   1        temp_1 = ucled[0] << 0| ucled[1] << 1| ucled[2] << 2| ucled[3] << 3| 
  16   1                 ucled[4] << 4| ucled[5] << 5| ucled[6] << 6| ucled[7] << 7; // 记录当前LED状态
  17   1        
  18   1        // 当检测到LED状态发生变化时，更改LED状态
  19   1        if(temp_1_old != temp_1) {
  20   2          P0 = ~temp_1; // 对状态数据取反，因为是低电平点亮
  21   2          temp = P2 & 0x1f | 0x80; // 选通锁存器Y4通道
  22   2          P2 = temp; // 打开锁存器，传送数据
  23   2          temp = P2 & 0x1f; 
  24   2          P2 = temp; // 锁定锁存器
  25   2          temp_1_old = temp_1; // 更新上一次LED状态
  26   2        }
  27   1      }
  28          
  29          /**
  30           * @brief LED熄灭函数
  31           * @note  一次性熄灭所有LED
  32           */
  33          void led_off(unsigned char *ucled) {
  34   1        unsigned char temp;
  35   1        
  36   1        P0 = 0xff; // 准备数据
  37   1        temp = P2 & 0x1f | 0x80; // 选通锁存器Y4通道
  38   1        P2 = temp; // 打开锁存器，传送数据
  39   1        temp = P2 & 0x1f; 
  40   1        P2 = temp; // 锁定锁存器
  41   1        
  42   1        temp_1_old = 0x00; // 更新上一次LED状态
  43   1      }
*** WARNING C280 IN LINE 33 OF ..\src\driver\led.c: 'ucled': unreferenced local variable
  44          
  45          idata unsigned char temp_2 = 0x00; // 当前外设状态
  46          idata unsigned char temp_2_old = 0xff; // 上一次外设状态
  47          
  48          /**
  49           * @brief 继电器驱动函数
  50           * @param en 继电器状态控制位 1-吸合 0-断开  
  51           * @note  控制继电器的状态
  52           */
  53          void relay(bit en) {
C51 COMPILER V9.60.7.0   LED                                                               03/19/2026 18:37:01 PAGE 2   

  54   1        unsigned char temp;
  55   1        
  56   1        if(en) {
  57   2          temp_2 |= 0x10; // 继电器吸合 
  58   2        }
  59   1        else {
  60   2          temp_2 &= ~0x10; // 继电器断开 
  61   2        }
  62   1        
  63   1        // 当检测到外设状态发生变化时，更改外设状态
  64   1        if(temp_2_old != temp_2)
  65   1        {
  66   2          P0 = temp_2; // 准备数据
  67   2          temp = P2 & 0x1f | 0xa0; // 选通锁存器Y5通道
  68   2          P2 = temp; // 打开锁存器，传送数据
  69   2          temp = P2 & 0x1f; 
  70   2          P2 = temp; // 锁定锁存器
  71   2          
  72   2          temp_2_old = temp_2; // 更新上一次外设状态
  73   2        }
  74   1      }
  75          
  76          /**
  77           * @brief 电机驱动函数
  78           * @param en 电机状态控制位 1-开 0-关  
  79           * @note  控制电机的状态
  80           */
  81          void motor(bit en) {
  82   1        unsigned char temp;
  83   1        
  84   1        if(en) {
  85   2          temp_2 |= 0x20; // 打开电机 
  86   2        }
  87   1        else {
  88   2          temp_2 &= ~0x20; // 关闭电机 
  89   2        }
  90   1        
  91   1        // 当检测到外设状态发生变化时，更改外设状态
  92   1        if(temp_2_old != temp_2)
  93   1        {
  94   2          P0 = temp_2; // 准备数据
  95   2          temp = P2 & 0x1f | 0xa0; // 选通锁存器Y5通道
  96   2          P2 = temp; // 打开锁存器，传送数据
  97   2          temp = P2 & 0x1f; 
  98   2          P2 = temp; // 锁定锁存器
  99   2          
 100   2          temp_2_old = temp_2; // 更新上一次外设状态
 101   2        }
 102   1      }
 103          
 104          /**
 105           * @brief 蜂鸣器驱动函数
 106           * @param en 蜂鸣器状态控制位 1-开 0-关  
 107           * @note  控制蜂鸣器的状态
 108           */
 109          void buzzer(bit en) {
 110   1        unsigned char temp;
 111   1        
 112   1        if(en) {
 113   2          temp_2 |= 0x40; // 打开蜂鸣器
 114   2        }
 115   1        else {
C51 COMPILER V9.60.7.0   LED                                                               03/19/2026 18:37:01 PAGE 3   

 116   2          temp_2 &= ~0x40; // 关闭蜂鸣器 
 117   2        }
 118   1        
 119   1        // 当检测到外设状态发生变化时，更改外设状态
 120   1        if(temp_2_old != temp_2)
 121   1        {
 122   2          P0 = temp_2; // 准备数据
 123   2          temp = P2 & 0x1f | 0xa0; // 选通锁存器Y5通道
 124   2          P2 = temp; // 打开锁存器，传送数据
 125   2          temp = P2 & 0x1f; 
 126   2          P2 = temp; // 锁定锁存器
 127   2          
 128   2          temp_2_old = temp_2; // 更新上一次外设状态
 129   2        }
 130   1      }


MODULE INFORMATION:   STATIC OVERLAYABLE
   CODE SIZE        =    289    ----
   CONSTANT SIZE    =   ----    ----
   XDATA SIZE       =   ----    ----
   PDATA SIZE       =   ----    ----
   DATA SIZE        =   ----       3
   IDATA SIZE       =      4    ----
   BIT SIZE         =   ----       3
END OF MODULE INFORMATION.


C51 COMPILATION COMPLETE.  1 WARNING(S),  0 ERROR(S)
