C51 COMPILER V9.60.7.0   MAIN                                                              03/21/2026 13:08:55 PAGE 1   


C51 COMPILER V9.60.7.0, COMPILATION OF MODULE MAIN
OBJECT MODULE PLACED IN .\Objects\main.obj
COMPILER INVOKED BY: C:\AAA\C51\BIN\C51.EXE ..\src\user\main.c OPTIMIZE(8,SPEED) BROWSE INCDIR(..\src\driver) DEBUG OBJE
                    -CTEXTEND PRINT(.\Listings\main.lst) TABS(2) OBJECT(.\Objects\main.obj)

line level    source

   1          #include <STC15F2K60S2.H>
   2          #include <string.h>
   3          #include "sys.h"
   4          #include "seg.h"
   5          #include "key.h"
   6          #include "led.h"
   7          #include "uart.h"
   8          #include "ultra.h"
   9          #include "ds1302.h"
  10          #include "iic.h"
  11          #include "onewire.h"
  12          
  13          // ** 参数定义区 ** //
  14          
  15          /* scheduler */
  16          idata unsigned long int uwTick; // 系统计时
  17          idata unsigned char task_num; // 调度器任务函数数量
  18          
  19          /* key */ 
  20          idata unsigned char key_val, key_down, key_up, key_old; // 按键状态，瞬时状态、下降沿、上升沿、上次状态
  21          
  22          /* seg */
  23          pdata unsigned char seg_buf[8] = {10, 10, 10, 10, 10, 10, 10, 10}; // 数码管状态缓存数组，初始化为熄灭
  24          idata unsigned char seg_pos; // 数码管位置索引
  25          idata unsigned char seg_mode; // 数码管显示模式
  26          
  27          /* LED */
  28          pdata unsigned char ucled[8] = {0, 0, 0, 0, 0, 0, 0, 0}; // LED状态缓存数组，初始化为熄灭
  29          //***注：为了PWM调光时防止LED闪烁，需要注释掉led_task()函数中的led_disp()
  30          idata unsigned char pwm_prd = 10; //pwm调光周期
  31          idata unsigned char pwm_dty = 5;  //pwm调光占空比
  32          
  33          /* Ultrasonic */
  34          idata unsigned int dist; // 超声波所测距离值(单位: cm)
  35          
  36          /* RTC */
  37          pdata unsigned char ucRTC[3] = {23, 59, 55}; // 时钟数据缓存数组
  38          
  39          /* AD/DA */
  40          idata unsigned int volt_1_x100, volt_2_x100; // 光敏电阻/电位器电压值x100(节省存储空间和简化计算)
  41          
  42          /* Temperature */
  43          idata unsigned int temperature_x100; // 温度值x100(节省存储空间和简化计算)
  44          
  45          /* Freq */
  46          idata unsigned int freq; // 频率值
  47          idata unsigned int timer_1s; // 1s计时
  48          
  49          /* EEPROM */
  50          idata unsigned char eep_lock = 66; // EEPROM校验秘钥(***重要：用于判断上电后EEPROM中是否保存有有效数据)
  51          idata unsigned int eep_read, eep_write; // EEPROM读/写数据值(这里以2字节数据为例)
  52          idata unsigned char eep_low, eep_high; // EEPROM中保存数据的低/高8位                                       
  53          
  54          /* UART */
C51 COMPILER V9.60.7.0   MAIN                                                              03/21/2026 13:08:55 PAGE 2   

  55          //*** 注：pdata数据必须初始化值
  56          pdata unsigned char uart_rx_buf[12] = {0}; // 串口数据接收缓冲区
  57          idata unsigned char uart_rx_index; // 串口数据接收索引
  58          idata bit uart_rx_flag; // 串口数据接收完成标志位
  59          idata unsigned char uart_tick; // 串口接收超时计时
  60          
  61          /* other parameters */
  62          
  63          
  64          
  65          // ** 函数定义区 ** //
  66          
  67          /**
  68           * @brief 按键状态机任务函数
  69           * @note  利用位运算进行边沿检测
  70           */
  71          void key_task(void) {
  72   1        key_val = key_read(); // 获取当前按键状态
  73   1        key_down = key_val & (key_val ^ key_old); // 获取按键下降沿状态
  74   1        key_up = ~key_val & (key_val ^ key_old);  // 获取按键上升沿状态
  75   1        key_old = key_val; // 更新上一次按键状态
  76   1        
  77   1        switch(key_down) {
  78   2          // --- 切换数码管显示模式 --- 
  79   2          case 4:
  80   2            seg_mode = (seg_mode + 1) % 6; 
  81   2            break;  
  82   2          // --- 将频率数据保存到EEPROM ---
  83   2          case 5:
  84   2            eep_write = freq; // 将频率数据赋值给写数据
  85   2            eeprom_write(&eep_write, 0, 2); // 将写数据写入到地址0，长度为2字节
*** WARNING C182 IN LINE 85 OF ..\src\user\main.c: pointer to different objects
  86   2            eeprom_write(&eep_lock, 16, 1); // 将校验秘钥(66)写入到地址16，用于判断上电时是否有保存到的有效数据
  87   2            break;
  88   2        }
  89   1      }
  90          
  91          /**
  92           * @brief 数码管显示任务函数
  93           * @note  需要显示小数点时，在值后加上'.'
  94           */
  95          void seg_task(void) {
  96   1        
  97   1        switch(seg_mode) {
  98   2          // --- 模式0，显示频率值 ----
  99   2          case 0:
 100   2            seg_buf[0] = seg_buf[1] = seg_buf[2] = 10; // 熄灭不需要的数码管
 101   2            seg_buf[3] = freq >= 10000 ? freq / 10000 % 10 : 10; // 高位有数值时才显示
 102   2            seg_buf[4] = freq >= 1000 ? freq / 1000 % 10 : 10;
 103   2            seg_buf[5] = freq >= 100 ? freq / 100 % 10 : 10;
 104   2            seg_buf[6] = freq >= 10 ? freq / 10 % 10 : 10; 
 105   2            seg_buf[7] = freq % 10; // 个位始终显示
 106   2            break;
 107   2          // --- 模式1，显示距离值 ----
 108   2          case 1:
 109   2            seg_buf[0] = seg_buf[1] = seg_buf[2] = seg_buf[3] = seg_buf[4] = 10; // 熄灭不需要的数码管
 110   2            seg_buf[5] = dist >= 100 ? dist / 100 % 10 : 10; // 高位有数值时才显示
 111   2            seg_buf[6] = dist >= 10 ? dist / 10 % 10 : 10; 
 112   2            seg_buf[7] = dist % 10; // 个位始终显示
 113   2            break; 
 114   2          // --- 模式2，显示时间 ----
 115   2          case 2:
C51 COMPILER V9.60.7.0   MAIN                                                              03/21/2026 13:08:55 PAGE 3   

 116   2            seg_buf[2] = seg_buf[5] = 11; // 显示短横线"-"
 117   2            seg_buf[0] = ucRTC[0] / 10; // 显示时
 118   2            seg_buf[1] = ucRTC[0] % 10;
 119   2            seg_buf[3] = ucRTC[1] / 10; // 显示分
 120   2            seg_buf[4] = ucRTC[1] % 10;
 121   2            seg_buf[6] = ucRTC[2] / 10; // 显示秒
 122   2            seg_buf[7] = ucRTC[2] % 10;
 123   2            break; 
 124   2          // --- 模式3，显示电压值 ----
 125   2          case 3:
 126   2            seg_buf[0] = seg_buf[4] = 10; // 熄灭不需要的数码管
 127   2            // 光敏电阻电压值 
 128   2            seg_buf[1] = volt_1_x100 / 100 % 10 + '.'; 
 129   2            seg_buf[2] = volt_1_x100 / 10 % 10; 
 130   2            seg_buf[3] = volt_1_x100 % 10; 
 131   2            // 电位器电压值 
 132   2            seg_buf[5] = volt_2_x100 / 100 % 10 + '.'; 
 133   2            seg_buf[6] = volt_2_x100 / 10 % 10; 
 134   2            seg_buf[7] = volt_2_x100 % 10; 
 135   2            break; 
 136   2          // --- 模式4，显示温度值 ----
 137   2          case 4:
 138   2            seg_buf[0] = seg_buf[1] = seg_buf[2] = seg_buf[3] = 10; // 熄灭不需要的数码管
 139   2            // 小数点前部分
 140   2            seg_buf[4] = temperature_x100 >= 1000 ? temperature_x100 / 1000 % 10 : 10;
 141   2            seg_buf[5] = temperature_x100 / 100 % 10 + '.'; // 个位始终显示
 142   2            // 小数点后部分(始终显示）
 143   2            seg_buf[6] = temperature_x100 / 10 % 10; 
 144   2            seg_buf[7] = temperature_x100 % 10; 
 145   2            break; 
 146   2          // --- 模式5，显示EEPRM中保存的数据 ----
 147   2          case 5:
 148   2            seg_buf[0] = seg_buf[1] = seg_buf[2] = 10; // 熄灭不需要的数码管
 149   2            seg_buf[3] = eep_read >= 10000 ? eep_read / 10000 % 10 : 10; // 高位有数值时才显示
 150   2            seg_buf[4] = eep_read >= 1000 ? eep_read / 1000 % 10 : 10;
 151   2            seg_buf[5] = eep_read >= 100 ? eep_read / 100 % 10 : 10;
 152   2            seg_buf[6] = eep_read >= 10 ? eep_read / 10 % 10 : 10; 
 153   2            seg_buf[7] = eep_read % 10; // 个位始终显示
 154   2            break;
 155   2        }
 156   1      }
 157          
 158          /**
 159           * @brief LED任务函数
 160           */
 161          void led_task(void) {
 162   1        led_disp(ucled);  
 163   1      }
 164          
 165          /**
 166           * @brief 串口数据解析任务函数
 167           */
 168          void uart_task(void)
 169          {
 170   1        unsigned char x, y; // 模拟接受坐标数据
 171   1        
 172   1        // 串口未接收到数据，直接返回
 173   1        if(uart_rx_index == 0) return;
 174   1        
 175   1        // 接收超时，准备处理数据
 176   1        if(uart_tick >= 10)
 177   1        {
C51 COMPILER V9.60.7.0   MAIN                                                              03/21/2026 13:08:55 PAGE 4   

 178   2          // 重置标志位和计时
 179   2          uart_rx_flag = 0;
 180   2          uart_tick = 0;
 181   2      
 182   2          // 数据解析
 183   2          // 向串口发送坐标数据如"(12,13)"会成功解析出数据并打印出来
 184   2          if(sscanf(uart_rx_buf, "(%bu, %bu)", &x, &y) == 2)
 185   2            printf("x = %bu, y = %bu", x, y); // 解析成功
 186   2          else
 187   2            printf("error!");                 // 解析失败
 188   2      
 189   2          // 清空数据缓冲区
 190   2          memset(uart_rx_buf, 0, uart_rx_index); 
 191   2          uart_rx_index = 0;
 192   2        }
 193   1      }
 194          
 195          /**
 196           * @brief 串口中断服务函数
 197           */
 198          void uart_server(void) interrupt 4 
 199          {
 200   1        // 接收到数据
 201   1        if(RI)
 202   1        {
 203   2          // 只有在缓冲区没满的时候才写入数据
 204   2          if(uart_rx_index < 12) {
 205   3            uart_rx_flag = 1; // 拉高接受标志
 206   3            uart_tick = 0;    // 重置计时
 207   3            uart_rx_buf[uart_rx_index++] = SBUF; // 将数据保存到缓冲区 
 208   3          }
 209   2          RI = 0; // 清除接收中断标志
 210   2        }
 211   1      } 
 212          
 213          /**
 214           * @brief 超声波测距任务函数
 215           */
 216          void ultra_task(void) {
 217   1        dist = ultra_dat();
 218   1      }
 219          
 220          /**
 221           * @brief DS1302时钟任务函数
 222           */
 223          void rtc_task(void) {
 224   1        read_rtc(ucRTC);
 225   1      }
 226             
 227          /**
 228           * @brief AD/DA转换任务函数
 229           * @note  由于AD转换读取到的是上一次转换的数值，因此读取两个通道的数值时需要交换通道
 230           */
 231          void ad_da_task(void) {
 232   1        volt_1_x100 = ad_read(0x43) * 100 / 51; // 读取光敏电阻电压值
 233   1        volt_2_x100 = ad_read(0x41) * 100 / 51; // 读取电位器电压值
 234   1      }
 235          
 236          /**
 237           * @brief DS18B20温度转换任务函数
 238           */
 239          void temperature_task(void) {
C51 COMPILER V9.60.7.0   MAIN                                                              03/21/2026 13:08:55 PAGE 5   

 240   1        temperature_x100 = read_temperature() * 100;
 241   1      }
 242          
 243          /* Timer 0 - NE555 */
 244          /**
 245           * @brief Timer 0初始化函数
 246           * @note  初始化NE555
 247           */
 248          void timer0_init(void)    
 249          {
 250   1        AUXR &= 0x7F;     //定时器时钟12T模式
 251   1        TMOD &= 0xF0;     //设置定时器模式
 252   1        TMOD |= 0x05;     //设置定时器0为16位不自动重装载计数模式
 253   1        TL0 = 0x00;       //设置定时初始值
 254   1        TH0 = 0x00;       //设置定时初始值
 255   1        TF0 = 0;        //清除TF0标志
 256   1        TR0 = 1;        //定时器0开始计数
 257   1      }
 258          
 259          /* Timer 1 */
 260          /**
 261           * @brief Timer 1初始化函数
 262           */
 263          void timer1_init(void)    //1毫秒@12.000MHz
 264          {
 265   1        AUXR &= 0xBF;     //定时器时钟12T模式
 266   1        TMOD &= 0x0F;     //设置定时器模式
 267   1        TL1 = 0x18;       //设置定时初始值
 268   1        TH1 = 0xFC;       //设置定时初始值
 269   1        TF1 = 0;        //清除TF1标志
 270   1        TR1 = 1;        //定时器1开始计时
 271   1        ET1 = 1;        // 使能定时器1中断
 272   1        EA = 1;         // 使能全局中断
 273   1      }
 274          
 275          /**
 276           * @brief Timer 1中断服务函数
 277           */
 278          void timer1_server(void) interrupt 3 {
 279   1        // --- 系统时钟 ---
 280   1        uwTick++;   
 281   1        
 282   1        // --- 数码管 ---
 283   1        seg_pos = (++seg_pos) % 8; // 数码管位置索引在 0-7 之间循环切换
 284   1        if(seg_buf[seg_pos] > 20) seg_disp(seg_pos, seg_buf[seg_pos] - '.', 1); // 显示小数点
 285   1        else seg_disp(seg_pos, seg_buf[seg_pos], 0); // 熄灭小数点
 286   1        
 287   1        // --- LED ---
 288   1        // PWM 调光
 289   1      //  if(++pwm_prd >= 10) 
 290   1      //    pwm_prd = 0;
 291   1      //  if(pwm_prd < pwm_dty)
 292   1      //  {
 293   1      //    led_disp(ucled);
 294   1      //  }
 295   1      //  else
 296   1      //  {
 297   1      //    led_off();
 298   1      //  }
 299   1        
 300   1        // --- Freq ---
 301   1        // 计时1秒，读取频率值
C51 COMPILER V9.60.7.0   MAIN                                                              03/21/2026 13:08:55 PAGE 6   

 302   1        if(++timer_1s >= 1000) {
 303   2          timer_1s = 0; // 重置计时
 304   2          freq = (TH0 << 8) | TL0; // 读取频率值
 305   2          TL0 = TH0 = 0; // 重置计数初值
 306   2        }
 307   1        
 308   1        // --- Uart ---
 309   1        // 串口接收到数据后，开始计时
 310   1        if(uart_rx_flag)
 311   1          uart_tick++;
 312   1      }
 313          
 314          // *** 调度器 *** //
 315          
 316          /* 调度器任务结构体定义 */
 317          typedef struct {
 318            void (*task_func)(void);  // 任务函数
 319            unsigned long int prd_ms; // 任务执行周期
 320            unsigned long int lst_ms; // 上次任务函数执行的时间
 321          } task_t;
 322          
 323          /* 调度器任务函数列表数组 */
 324          idata task_t scheduler_task[] = {
 325            {key_task, 10, 0},
 326            {seg_task, 200, 0},
 327            {led_task, 1, 0},
 328            {uart_task, 10, 0},
 329            {ultra_task, 100, 0},
 330            {rtc_task, 200, 0},
 331            {ad_da_task, 200, 0},
 332            {temperature_task, 200, 0},
 333          };
 334          
 335          /**
 336           * @brief 调度器初始化函数
 337           * @note  获取调度器任务函数数量
 338           */
 339          void scheduler_init(void) {
 340   1        task_num = sizeof(scheduler_task) / sizeof(task_t);
 341   1      }
 342          
 343          /**
 344           * @brief 调度器任务调度函数
 345           * @note  时间片轮询调度任务函数
 346           */
 347          void scheduler_run(void) {
 348   1        unsigned char i;
 349   1        
 350   1        for(i = 0; i < task_num; i++) {
 351   2          unsigned long int now_time = uwTick; // 获取当前系统时间
 352   2          if(now_time - scheduler_task[i].lst_ms >= scheduler_task[i].prd_ms) {
 353   3            scheduler_task[i].lst_ms = now_time; // 更新任务函数上次执行时间
 354   3            scheduler_task[i].task_func(); // 执行任务函数
 355   3          }     
 356   2        }   
 357   1      }
 358          
 359          void main(void) {
 360   1        unsigned char eep_temp; // EEPROM 临时数据
 361   1        
 362   1        sys_init();
 363   1        
C51 COMPILER V9.60.7.0   MAIN                                                              03/21/2026 13:08:55 PAGE 7   

 364   1        // --- EEPROM 初始化 ---
 365   1        eeprom_read(&eep_temp, 16, 1); // 读出地址16的校验秘钥值
 366   1        // 如果校验秘钥值正确(等于66)，说明之前存过有效数据
 367   1        if(eep_temp == eep_lock) {
 368   2          eeprom_read(&eep_high, 0, 1); // 读取地址0的数据(存入高位缓存)
 369   2          eeprom_read(&eep_low, 1, 1);  // 读取地址1的数据(存入低位缓存)
 370   2          eep_read = (eep_high << 8) | eep_low; // 合并成16位整数
 371   2        }
 372   1        
 373   1        write_rtc(ucRTC); // 写入时钟
 374   1        uart1_init();
 375   1        timer0_init();
 376   1        timer1_init();
 377   1        scheduler_init();
 378   1        while(1) {
 379   2          scheduler_run();
 380   2        }
 381   1      }


MODULE INFORMATION:   STATIC OVERLAYABLE
   CODE SIZE        =   1573    ----
   CONSTANT SIZE    =     35    ----
   XDATA SIZE       =   ----    ----
   PDATA SIZE       =     31    ----
   DATA SIZE        =   ----       8
   IDATA SIZE       =    122    ----
   BIT SIZE         =      1    ----
END OF MODULE INFORMATION.


C51 COMPILATION COMPLETE.  1 WARNING(S),  0 ERROR(S)
