C51 COMPILER V9.60.7.0   ULTRA                                                             03/18/2026 17:48:49 PAGE 1   


C51 COMPILER V9.60.7.0, COMPILATION OF MODULE ULTRA
OBJECT MODULE PLACED IN .\Objects\ultra.obj
COMPILER INVOKED BY: C:\AAA\C51\BIN\C51.EXE ..\src\driver\ultra.c OPTIMIZE(8,SPEED) BROWSE INCDIR(..\src\driver) DEBUG O
                    -BJECTEXTEND PRINT(.\Listings\ultra.lst) TABS(2) OBJECT(.\Objects\ultra.obj)

line level    source

   1          #include "ultra.h"
   2          
   3          sbit TX = P1^0; // 触发引脚
   4          sbit RX = P1^1; // 回响引脚
   5          
   6          /**
   7           * @brief 12us延时函数
   8           * @note  用于产生40kHz左右的超声波方波
   9           */
  10          void delay12us(void) {
  11   1        unsigned char data i;
  12   1      
  13   1        _nop_();
  14   1        i = 3;
  15   1        while (--i);
  16   1      }
  17          
  18          /**
  19           * @brief 超声波初始化函数
  20           * @note  发送8个超声波脉冲 
  21           */
  22          void ultrasonic_init(void) {
  23   1        unsigned char i;
  24   1      
  25   1        EA = 0;
  26   1        for(i = 0; i < 8; i++) {
  27   2          TX = 1;
  28   2          delay12us();
  29   2          TX = 0;
  30   2          delay12us();
  31   2        }
  32   1        
  33   1        EA = 1;
  34   1      }
  35          
  36          /**
  37           * @brief  获取超声波测距函数
  38           * @return 距离值(单位: cm)
  39           */
  40          unsigned int ultra_dat(void) {    
  41   1        unsigned int time;
  42   1        
  43   1        // 初始化PCA定时器
  44   1        CMOD = 0x00;
  45   1        CL = CH = 0;
  46   1      
  47   1        ultrasonic_init();  // 发送触发信号
  48   1        CR = 1; // 启动PCA定时器
  49   1        while((RX == 1) && (CF == 0)); //等待接受到返回信号或者定时器溢出
  50   1        CR = 0; // 关闭PCA定时器
  51   1        
  52   1        // 定时器未溢出，成功接收到回响信号
  53   1        if(CF == 0) {
  54   2          time = (CH << 8) | CL; // 计算超声波传播的时间
C51 COMPILER V9.60.7.0   ULTRA                                                             03/18/2026 17:48:49 PAGE 2   

  55   2          return (time * 0.017); // 返回测得的距离值    
  56   2        }
  57   1        // 定时器溢出
  58   1        else {
  59   2          CF = 0; // 清除溢出标志
  60   2          return 0;
  61   2        }
  62   1      }


MODULE INFORMATION:   STATIC OVERLAYABLE
   CODE SIZE        =     84    ----
   CONSTANT SIZE    =   ----    ----
   XDATA SIZE       =   ----    ----
   PDATA SIZE       =   ----    ----
   DATA SIZE        =   ----    ----
   IDATA SIZE       =   ----    ----
   BIT SIZE         =   ----    ----
END OF MODULE INFORMATION.


C51 COMPILATION COMPLETE.  0 WARNING(S),  0 ERROR(S)
