BL51 BANKED LINKER/LOCATER V6.22.4.0                                                    03/20/2026  14:33:01  PAGE 1


BL51 BANKED LINKER/LOCATER V6.22.4.0, INVOKED BY:
C:\AAA\C51\BIN\BL51.EXE .\Objects\main.obj, .\Objects\sys.obj, .\Objects\key.obj, .\Objects\seg.obj, .\Objects\led.obj, 
>> .\Objects\uart.obj, .\Objects\ultra.obj, .\Objects\ds1302.obj, .\Objects\iic.obj, .\Objects\onewire.obj TO .\Objects\
>> 调度器模板 PRINT (.\Listings\调度器模板.m51) RAMSIZE (256)


MEMORY MODEL: SMALL WITH FLOATING POINT ARITHMETIC


INPUT MODULES INCLUDED:
  .\Objects\main.obj (MAIN)
  .\Objects\sys.obj (SYS)
  .\Objects\key.obj (KEY)
  .\Objects\seg.obj (SEG)
  .\Objects\led.obj (LED)
  .\Objects\uart.obj (UART)
  .\Objects\ultra.obj (ULTRA)
  .\Objects\ds1302.obj (DS1302)
  .\Objects\iic.obj (IIC)
  .\Objects\onewire.obj (ONEWIRE)
  C:\AAA\C51\LIB\C51FPS.LIB (?C?FPMUL)
  C:\AAA\C51\LIB\C51FPS.LIB (?C?FCAST)
  C:\AAA\C51\LIB\C51FPS.LIB (?C?CASTF)
  C:\AAA\C51\LIB\C51FPS.LIB (PRINTF)
  C:\AAA\C51\LIB\C51FPS.LIB (SCANF)
  C:\AAA\C51\LIB\C51FPS.LIB (?C?FPGETOPN)
  C:\AAA\C51\LIB\C51FPS.LIB (?C?FPROUND)
  C:\AAA\C51\LIB\C51FPS.LIB (?C?FPCONVERT)
  C:\AAA\C51\LIB\C51FPS.LIB (?C?ATOF)
  C:\AAA\C51\LIB\C51FPS.LIB (?C?FPADD)
  C:\AAA\C51\LIB\C51FPS.LIB (?C?FPDIV)
  C:\AAA\C51\LIB\C51FPS.LIB (?C?FPNEG)
  C:\AAA\C51\LIB\C51FPS.LIB (?C?FTNPWR)
  C:\AAA\C51\LIB\C51S.LIB (?C_STARTUP)
  C:\AAA\C51\LIB\C51S.LIB (?C?CLDPTR)
  C:\AAA\C51\LIB\C51S.LIB (?C?CLDOPTR)
  C:\AAA\C51\LIB\C51S.LIB (?C?CSTPTR)
  C:\AAA\C51\LIB\C51S.LIB (?C?CSTOPTR)
  C:\AAA\C51\LIB\C51S.LIB (?C?UIDIV)
  C:\AAA\C51\LIB\C51S.LIB (?C?ISTPTR)
  C:\AAA\C51\LIB\C51S.LIB (?C?LNEG)
  C:\AAA\C51\LIB\C51S.LIB (?C?ULCMP)
  C:\AAA\C51\LIB\C51S.LIB (?C?LSTPTR)
  C:\AAA\C51\LIB\C51S.LIB (?C?LLDIDATA)
  C:\AAA\C51\LIB\C51S.LIB (?C?LLDIDATA0)
  C:\AAA\C51\LIB\C51S.LIB (?C?LSTIDATA)
  C:\AAA\C51\LIB\C51S.LIB (?C?PLDIDATA)
  C:\AAA\C51\LIB\C51S.LIB (?C?PLDIIDATA)
  C:\AAA\C51\LIB\C51S.LIB (?C?PILDIDATA)
  C:\AAA\C51\LIB\C51S.LIB (?C?CCASE)
  C:\AAA\C51\LIB\C51S.LIB (?C?ICALL)
  C:\AAA\C51\LIB\C51S.LIB (GETCHAR)
  C:\AAA\C51\LIB\C51S.LIB (UNGETC)
  C:\AAA\C51\LIB\C51S.LIB (ISSPACE)
  C:\AAA\C51\LIB\C51S.LIB (?C?MEMSET)
  C:\AAA\C51\LIB\C51S.LIB (?C_INIT)
  C:\AAA\C51\LIB\C51S.LIB (?C?LSTXDATA)
  C:\AAA\C51\LIB\C51S.LIB (?C?LSTPDATA)
BL51 BANKED LINKER/LOCATER V6.22.4.0                                                  03/20/2026  14:33:01  PAGE 2


  C:\AAA\C51\LIB\C51S.LIB (_GETKEY)


LINK MAP OF MODULE:  .\Objects\调度器模板 (MAIN)


            TYPE    BASE      LENGTH    RELOCATION   SEGMENT NAME
            -----------------------------------------------------

            * * * * * * *   D A T A   M E M O R Y   * * * * * * *
            REG     0000H     0008H     ABSOLUTE     "REG BANK 0"
            DATA    0008H     000CH     UNIT         ?DT?SEG
            DATA    0014H     0003H     UNIT         ?DT?_LED_OFF?LED
            DATA    0017H     0001H     UNIT         ?DT?GETCHAR
            IDATA   0018H     0004H     UNIT         ?ID?LED
                    001CH     0004H                  *** GAP ***
            BIT     0020H.0   0001H.4   UNIT         _BIT_GROUP_
            BIT     0021H.4   0000H.1   UNIT         ?BI?MAIN
            BIT     0021H.5   0000H.1   UNIT         ?BI?RELAY?LED
            BIT     0021H.6   0000H.1   UNIT         ?BI?MOTOR?LED
            BIT     0021H.7   0000H.1   UNIT         ?BI?BUZZER?LED
            BIT     0022H.0   0000H.1   UNIT         ?BI?GETCHAR
                    0022H.1   0000H.7                *** GAP ***
            DATA    0023H     0022H     UNIT         _DATA_GROUP_
            IDATA   0045H     007AH     UNIT         ?ID?MAIN
            IDATA   00BFH     0001H     UNIT         ?STACK

            * * * * * * *  X D A T A   M E M O R Y  * * * * * * *
            XDATA   0000H     001FH     INPAGE       ?PD?MAIN

            * * * * * * *   C O D E   M E M O R Y   * * * * * * *
            CODE    0000H     0003H     ABSOLUTE     
            CODE    0003H     0018H     UNIT         ?PR?TEMPERATURE_TASK?MAIN
            CODE    001BH     0003H     ABSOLUTE     
            CODE    001EH     0005H     UNIT         ?PR?SCHEDULER_INIT?MAIN
            CODE    0023H     0003H     ABSOLUTE     
            CODE    0026H     06F5H     UNIT         ?C?LIB_CODE
            CODE    071BH     046FH     UNIT         ?PR?PRINTF?PRINTF
            CODE    0B8AH     034FH     UNIT         ?PR?SCANF?SCANF
            CODE    0ED9H     0321H     UNIT         ?PR?SEG_TASK?MAIN
            CODE    11FAH     00E6H     UNIT         ?PR??C?ATOF??C?ATOF
            CODE    12E0H     00A8H     UNIT         ?PR?TIMER1_SERVER?MAIN
            CODE    1388H     00A6H     UNIT         ?C_INITSEG
            CODE    142EH     00A5H     UNIT         ?PR?KEY_READ?KEY
            CODE    14D3H     008CH     UNIT         ?C_C51STARTUP
            CODE    155FH     007EH     UNIT         ?PR?_LED_DISP?LED
            CODE    15DDH     0072H     UNIT         ?PR?SCHEDULER_RUN?MAIN
            CODE    164FH     0065H     UNIT         ?PR?KEY_TASK?MAIN
            CODE    16B4H     0064H     UNIT         ?PR?UART_TASK?MAIN
            CODE    1718H     005BH     UNIT         ?PR?MAIN?MAIN
            CODE    1773H     004DH     UNIT         ?PR?_WRITE_RTC?DS1302
            CODE    17C0H     0049H     UNIT         ?PR?_SEG_DISP?SEG
            CODE    1809H     0042H     UNIT         ?PR?_EEPROM_READ?IIC
            CODE    184BH     0042H     UNIT         ?PR?_EEPROM_WRITE?IIC
            CODE    188DH     003BH     UNIT         ?PR?READ_TEMPERATURE?ONEWIRE
            CODE    18C8H     0039H     UNIT         ?PR?ULTRA_DAT?ULTRA
            CODE    1901H     0038H     UNIT         ?PR?_READ_RTC?DS1302
BL51 BANKED LINKER/LOCATER V6.22.4.0                                                  03/20/2026  14:33:01  PAGE 3


            CODE    1939H     0037H     UNIT         ?PR?AD_DA_TASK?MAIN
            CODE    1970H     0034H     UNIT         ?PR?_READ_DS1302_BYTE?DS1302
            CODE    19A4H     002DH     UNIT         ?PR?UART_SERVER?MAIN
            CODE    19D1H     002DH     UNIT         ?PR?RELAY?LED
            CODE    19FEH     002DH     UNIT         ?PR?MOTOR?LED
            CODE    1A2BH     002DH     UNIT         ?PR?BUZZER?LED
            CODE    1A58H     002CH     UNIT         ?PR?_I2CSENDBYTE?IIC
            CODE    1A84H     0028H     UNIT         ?PR?I2CWAITACK?IIC
            CODE    1AACH     0027H     UNIT         ?PR?INIT_DS18B20?ONEWIRE
            CODE    1AD3H     0025H     UNIT         ?PR?_AD_READ?IIC
            CODE    1AF8H     0023H     UNIT         ?CO?MAIN
            CODE    1B1BH     0023H     UNIT         ?PR?SYS_INIT?SYS
            CODE    1B3EH     0021H     UNIT         ?PR?I2CRECEIVEBYTE?IIC
            CODE    1B5FH     001EH     UNIT         ?PR?_WRITE_DS18B20?ONEWIRE
            CODE    1B7DH     001DH     UNIT         ?PR?_DA_WRITE?IIC
            CODE    1B9AH     001CH     UNIT         ?PR?_LED_OFF?LED
            CODE    1BB6H     001CH     UNIT         ?PR?_I2CSENDACK?IIC
            CODE    1BD2H     001AH     UNIT         ?PR?_DELAY_ONEWIRE?ONEWIRE
            CODE    1BECH     001AH     UNIT         ?PR?READ_DS18B20?ONEWIRE
            CODE    1C06H     0019H     UNIT         ?PR?_I2C_DELAY?IIC
            CODE    1C1FH     0017H     UNIT         ?PR?UART1_INIT?UART
            CODE    1C36H     0015H     UNIT         ?PR?TIMER1_INIT?MAIN
            CODE    1C4BH     0015H     UNIT         ?PR?ULTRASONIC_INIT?ULTRA
            CODE    1C60H     0014H     UNIT         ?PR?_WRITE_DS1302_BYTE?DS1302
            CODE    1C74H     0013H     UNIT         ?PR?TIMER0_INIT?MAIN
            CODE    1C87H     0013H     UNIT         ?PR?_WRITE_DS1302?DS1302
            CODE    1C9AH     0013H     UNIT         ?PR?I2CSTART?IIC
            CODE    1CADH     0013H     UNIT         ?PR?_ISSPACE?ISSPACE
            CODE    1CC0H     0011H     UNIT         ?PR?GETCHAR?GETCHAR
            CODE    1CD1H     0010H     UNIT         ?PR?I2CSTOP?IIC
            CODE    1CE1H     000BH     UNIT         ?PR?ULTRA_TASK?MAIN
            CODE    1CECH     000AH     UNIT         ?PR?_GETKEY?_GETKEY
            CODE    1CF6H     0009H     UNIT         ?PR?LED_TASK?MAIN
            CODE    1CFFH     0009H     UNIT         ?PR?RTC_TASK?MAIN
            CODE    1D08H     0008H     UNIT         ?PR?_PUTCHAR?UART
            CODE    1D10H     0006H     UNIT         ?PR?DELAY12US?ULTRA
            CODE    1D16H     0005H     UNIT         ?PR?GETCHAR?UNGETCHAR



OVERLAY MAP OF MODULE:   .\Objects\调度器模板 (MAIN)


SEGMENT                                  BIT_GROUP          DATA_GROUP 
  +--> CALLED SEGMENT                 START    LENGTH     START    LENGTH
-------------------------------------------------------------------------
?PR?TIMER1_SERVER?MAIN                -----    -----      -----    -----
  +--> ?PR?_SEG_DISP?SEG

?PR?_SEG_DISP?SEG                     0020H.0  0000H.1    -----    -----

*** NEW ROOT ***************************************************

?C_C51STARTUP                         -----    -----      -----    -----
  +--> ?PR?MAIN?MAIN
  +--> ?C_INITSEG

BL51 BANKED LINKER/LOCATER V6.22.4.0                                                  03/20/2026  14:33:01  PAGE 4


?PR?MAIN?MAIN                         -----    -----      0023H    0001H
  +--> ?PR?SYS_INIT?SYS
  +--> ?PR?_EEPROM_READ?IIC
  +--> ?PR?_WRITE_RTC?DS1302
  +--> ?PR?UART1_INIT?UART
  +--> ?PR?TIMER0_INIT?MAIN
  +--> ?PR?TIMER1_INIT?MAIN
  +--> ?PR?SCHEDULER_INIT?MAIN
  +--> ?PR?SCHEDULER_RUN?MAIN

?PR?_EEPROM_READ?IIC                  -----    -----      0024H    0005H
  +--> ?PR?I2CWAITACK?IIC
  +--> ?PR?I2CSTART?IIC
  +--> ?PR?_I2CSENDBYTE?IIC
  +--> ?PR?I2CRECEIVEBYTE?IIC
  +--> ?PR?_I2CSENDACK?IIC
  +--> ?PR?I2CSTOP?IIC

?PR?I2CWAITACK?IIC                    -----    -----      -----    -----
  +--> ?PR?I2CSTART?IIC
  +--> ?PR?_I2CSENDBYTE?IIC
  +--> ?PR?_I2C_DELAY?IIC

?PR?I2CSTART?IIC                      -----    -----      -----    -----
  +--> ?PR?_I2C_DELAY?IIC

?PR?_I2CSENDBYTE?IIC                  -----    -----      -----    -----
  +--> ?PR?_I2C_DELAY?IIC

?PR?I2CRECEIVEBYTE?IIC                -----    -----      -----    -----
  +--> ?PR?_I2C_DELAY?IIC

?PR?_I2CSENDACK?IIC                   -----    -----      -----    -----
  +--> ?PR?_I2C_DELAY?IIC

?PR?I2CSTOP?IIC                       -----    -----      -----    -----
  +--> ?PR?_I2C_DELAY?IIC

?PR?_WRITE_RTC?DS1302                 -----    -----      0024H    0003H
  +--> ?PR?_WRITE_DS1302_BYTE?DS1302

?PR?_WRITE_DS1302_BYTE?DS1302         -----    -----      -----    -----
  +--> ?PR?_WRITE_DS1302?DS1302

?PR?SCHEDULER_RUN?MAIN                -----    -----      0024H    0005H

?C_INITSEG                            -----    -----      -----    -----
  +--> ?PR?KEY_TASK?MAIN
  +--> ?PR?SEG_TASK?MAIN
  +--> ?PR?LED_TASK?MAIN
  +--> ?PR?UART_TASK?MAIN
  +--> ?PR?ULTRA_TASK?MAIN
  +--> ?PR?RTC_TASK?MAIN
  +--> ?PR?AD_DA_TASK?MAIN
  +--> ?PR?TEMPERATURE_TASK?MAIN

?PR?KEY_TASK?MAIN                     -----    -----      -----    -----
BL51 BANKED LINKER/LOCATER V6.22.4.0                                                  03/20/2026  14:33:01  PAGE 5


  +--> ?PR?KEY_READ?KEY
  +--> ?PR?_EEPROM_WRITE?IIC

?PR?_EEPROM_WRITE?IIC                 -----    -----      0023H    0005H
  +--> ?PR?I2CWAITACK?IIC
  +--> ?PR?_I2CSENDBYTE?IIC
  +--> ?PR?_I2C_DELAY?IIC
  +--> ?PR?I2CSTOP?IIC

?PR?LED_TASK?MAIN                     -----    -----      -----    -----
  +--> ?PR?_LED_DISP?LED

?PR?UART_TASK?MAIN                    -----    -----      0023H    0002H
  +--> ?CO?MAIN
  +--> ?PR?SCANF?SCANF
  +--> ?PR?PRINTF?PRINTF

?PR?SCANF?SCANF                       0020H.1  0000H.6    0025H    001EH
  +--> ?PR?GETCHAR?UNGETCHAR
  +--> ?PR?_ISSPACE?ISSPACE
  +--> ?PR?GETCHAR?GETCHAR
  +--> ?PR??C?ATOF??C?ATOF

?PR?GETCHAR?GETCHAR                   -----    -----      -----    -----
  +--> ?PR?_GETKEY?_GETKEY
  +--> ?PR?_PUTCHAR?UART

?PR??C?ATOF??C?ATOF                   0020H.7  0000H.5    0043H    0002H

?PR?PRINTF?PRINTF                     0020H.1  0001H.1    0025H    001CH
  +--> ?PR?_PUTCHAR?UART

?PR?ULTRA_TASK?MAIN                   -----    -----      -----    -----
  +--> ?PR?ULTRA_DAT?ULTRA

?PR?ULTRA_DAT?ULTRA                   -----    -----      -----    -----
  +--> ?PR?ULTRASONIC_INIT?ULTRA

?PR?ULTRASONIC_INIT?ULTRA             -----    -----      -----    -----
  +--> ?PR?DELAY12US?ULTRA

?PR?RTC_TASK?MAIN                     -----    -----      -----    -----
  +--> ?PR?_READ_RTC?DS1302

?PR?_READ_RTC?DS1302                  -----    -----      0023H    0003H
  +--> ?PR?_READ_DS1302_BYTE?DS1302

?PR?_READ_DS1302_BYTE?DS1302          -----    -----      -----    -----
  +--> ?PR?_WRITE_DS1302?DS1302

?PR?AD_DA_TASK?MAIN                   -----    -----      -----    -----
  +--> ?PR?_AD_READ?IIC

?PR?_AD_READ?IIC                      -----    -----      -----    -----
  +--> ?PR?I2CSTART?IIC
  +--> ?PR?I2CWAITACK?IIC
  +--> ?PR?_I2CSENDBYTE?IIC
BL51 BANKED LINKER/LOCATER V6.22.4.0                                                  03/20/2026  14:33:01  PAGE 6


  +--> ?PR?I2CRECEIVEBYTE?IIC
  +--> ?PR?_I2CSENDACK?IIC
  +--> ?PR?I2CSTOP?IIC

?PR?TEMPERATURE_TASK?MAIN             -----    -----      -----    -----
  +--> ?PR?READ_TEMPERATURE?ONEWIRE

?PR?READ_TEMPERATURE?ONEWIRE          -----    -----      -----    -----
  +--> ?PR?INIT_DS18B20?ONEWIRE
  +--> ?PR?_WRITE_DS18B20?ONEWIRE
  +--> ?PR?_DELAY_ONEWIRE?ONEWIRE
  +--> ?PR?READ_DS18B20?ONEWIRE

?PR?INIT_DS18B20?ONEWIRE              0020H.1  0000H.1    -----    -----
  +--> ?PR?_DELAY_ONEWIRE?ONEWIRE

?PR?_WRITE_DS18B20?ONEWIRE            -----    -----      -----    -----
  +--> ?PR?_DELAY_ONEWIRE?ONEWIRE

?PR?READ_DS18B20?ONEWIRE              -----    -----      -----    -----
  +--> ?PR?_DELAY_ONEWIRE?ONEWIRE



SYMBOL TABLE OF MODULE:  .\Objects\调度器模板 (MAIN)

  VALUE           TYPE          NAME
  ----------------------------------

  -------         MODULE        MAIN
  C:0000H         SYMBOL        _ICE_DUMMY_
  D:0080H         PUBLIC        P0
  D:0090H         PUBLIC        P1
  C:1939H         PUBLIC        ad_da_task
  D:00A0H         PUBLIC        P2
  D:00B0H         PUBLIC        P3
  D:00C0H         PUBLIC        P4
  D:00C8H         PUBLIC        P5
  I:0045H         PUBLIC        uart_rx_index
  D:00E8H         PUBLIC        P6
  B:00A8H.7       PUBLIC        EA
  B:0021H.4       PUBLIC        uart_rx_flag
  D:00F8H         PUBLIC        P7
  I:0046H         PUBLIC        pwm_dty
  D:00A8H         PUBLIC        IE
  X:0000H         PUBLIC        ucled
  I:0047H         PUBLIC        key_up
  D:00B8H         PUBLIC        IP
  B:0098H.0       PUBLIC        RI
  I:0048H         PUBLIC        temperature_x100
  D:00D8H         PUBLIC        CCON
  C:1718H         PUBLIC        main
  X:0008H         PUBLIC        uart_rx_buf
  I:004AH         PUBLIC        timer_1s
  I:004CH         PUBLIC        freq
  D:0099H         PUBLIC        SBUF
  D:0098H         PUBLIC        SCON
BL51 BANKED LINKER/LOCATER V6.22.4.0                                                  03/20/2026  14:33:01  PAGE 7


  D:0089H         PUBLIC        TMOD
  D:0088H         PUBLIC        TCON
  I:004EH         PUBLIC        dist
  C:19A4H         PUBLIC        uart_server
  I:0050H         PUBLIC        eep_read
  I:0052H         PUBLIC        eep_high
  C:1CE1H         PUBLIC        ultra_task
  D:008EH         PUBLIC        AUXR
  I:0053H         PUBLIC        volt_1_x100
  X:0014H         PUBLIC        ucRTC
  I:0055H         PUBLIC        volt_2_x100
  I:0057H         PUBLIC        eep_lock
  I:0058H         PUBLIC        seg_mode
  I:0059H         PUBLIC        eep_write
  B:00A8H.3       PUBLIC        ET1
  B:0088H.5       PUBLIC        TF0
  B:0088H.7       PUBLIC        TF1
  C:0003H         PUBLIC        temperature_task
  C:1CF6H         PUBLIC        led_task
  I:005BH         PUBLIC        uart_tick
  D:008CH         PUBLIC        TH0
  D:008DH         PUBLIC        TH1
  D:008AH         PUBLIC        TL0
  C:12E0H         PUBLIC        timer1_server
  D:008BH         PUBLIC        TL1
  C:16B4H         PUBLIC        uart_task
  C:0ED9H         PUBLIC        seg_task
  B:0088H.4       PUBLIC        TR0
  B:0088H.6       PUBLIC        TR1
  I:005CH         PUBLIC        scheduler_task
  C:001EH         PUBLIC        scheduler_init
  X:0017H         PUBLIC        seg_buf
  C:1CFFH         PUBLIC        rtc_task
  C:164FH         PUBLIC        key_task
  I:00B4H         PUBLIC        key_down
  I:00B5H         PUBLIC        task_num
  C:1C74H         PUBLIC        timer0_init
  I:00B6H         PUBLIC        key_old
  C:1C36H         PUBLIC        timer1_init
  I:00B7H         PUBLIC        eep_low
  I:00B8H         PUBLIC        key_val
  I:00B9H         PUBLIC        seg_pos
  I:00BAH         PUBLIC        uwTick
  D:00D0H         PUBLIC        PSW
  C:15DDH         PUBLIC        scheduler_run
  I:00BEH         PUBLIC        pwm_prd
  -------         PROC          KEY_TASK
  C:164FH         LINE#         71
  C:164FH         LINE#         72
  C:1656H         LINE#         73
  C:1660H         LINE#         74
  C:1666H         LINE#         75
  C:166CH         LINE#         77
  C:1674H         LINE#         79
  C:1674H         LINE#         80
  C:1688H         LINE#         81
  C:1689H         LINE#         83
BL51 BANKED LINKER/LOCATER V6.22.4.0                                                  03/20/2026  14:33:01  PAGE 8


  C:1689H         LINE#         84
  C:1697H         LINE#         85
  C:16A5H         LINE#         86
  C:16B3H         LINE#         87
  C:16B3H         LINE#         88
  C:16B3H         LINE#         89
  -------         ENDPROC       KEY_TASK
  -------         PROC          SEG_TASK
  C:0ED9H         LINE#         95
  C:0ED9H         LINE#         97
  C:0F01H         LINE#         99
  C:0F01H         LINE#         100
  C:0F0AH         LINE#         101
  C:0F31H         LINE#         102
  C:0F58H         LINE#         103
  C:0F7FH         LINE#         104
  C:0FA6H         LINE#         105
  C:0FA8H         LINE#         106
  C:0FABH         LINE#         108
  C:0FABH         LINE#         109
  C:0FB8H         LINE#         110
  C:0FDFH         LINE#         111
  C:1006H         LINE#         112
  C:1008H         LINE#         113
  C:100BH         LINE#         115
  C:100BH         LINE#         116
  C:1013H         LINE#         117
  C:101EH         LINE#         118
  C:1027H         LINE#         119
  C:1032H         LINE#         120
  C:103BH         LINE#         121
  C:1046H         LINE#         122
  C:104FH         LINE#         123
  C:1050H         LINE#         125
  C:1050H         LINE#         126
  C:1058H         LINE#         128
  C:1076H         LINE#         129
  C:108CH         LINE#         130
  C:109EH         LINE#         132
  C:10BCH         LINE#         133
  C:10D2H         LINE#         134
  C:10D4H         LINE#         135
  C:10D7H         LINE#         137
  C:10D7H         LINE#         138
  C:10E2H         LINE#         140
  C:1109H         LINE#         141
  C:1127H         LINE#         143
  C:113DH         LINE#         144
  C:113FH         LINE#         145
  C:1142H         LINE#         147
  C:1142H         LINE#         148
  C:114BH         LINE#         149
  C:1172H         LINE#         150
  C:1199H         LINE#         151
  C:11C0H         LINE#         152
  C:11E7H         LINE#         153
  C:11F9H         LINE#         154
BL51 BANKED LINKER/LOCATER V6.22.4.0                                                  03/20/2026  14:33:01  PAGE 9


  C:11F9H         LINE#         155
  C:11F9H         LINE#         156
  -------         ENDPROC       SEG_TASK
  -------         PROC          LED_TASK
  C:1CF6H         LINE#         161
  C:1CF6H         LINE#         162
  -------         ENDPROC       LED_TASK
  -------         PROC          UART_TASK
  -------         DO            
  D:0023H         SYMBOL        x
  D:0024H         SYMBOL        y
  -------         ENDDO         
  C:16B4H         LINE#         168
  C:16B4H         LINE#         169
  C:16B4H         LINE#         173
  C:16B9H         LINE#         176
  C:16C1H         LINE#         177
  C:16C1H         LINE#         179
  C:16C3H         LINE#         180
  C:16C5H         LINE#         184
  C:16EFH         LINE#         185
  C:16FBH         LINE#         187
  C:1702H         LINE#         190
  C:1713H         LINE#         191
  C:1717H         LINE#         192
  C:1717H         LINE#         193
  -------         ENDPROC       UART_TASK
  -------         PROC          UART_SERVER
  C:19A4H         LINE#         198
  C:19ADH         LINE#         201
  C:19B0H         LINE#         202
  C:19B0H         LINE#         204
  C:19B8H         LINE#         205
  C:19BAH         LINE#         206
  C:19BEH         LINE#         207
  C:19C8H         LINE#         208
  C:19C8H         LINE#         209
  C:19CAH         LINE#         210
  C:19CAH         LINE#         211
  -------         ENDPROC       UART_SERVER
  -------         PROC          ULTRA_TASK
  C:1CE1H         LINE#         216
  C:1CE1H         LINE#         217
  C:1CEBH         LINE#         218
  -------         ENDPROC       ULTRA_TASK
  -------         PROC          RTC_TASK
  C:1CFFH         LINE#         223
  C:1CFFH         LINE#         224
  -------         ENDPROC       RTC_TASK
  -------         PROC          AD_DA_TASK
  C:1939H         LINE#         231
  C:1939H         LINE#         232
  C:1954H         LINE#         233
  C:196FH         LINE#         234
  -------         ENDPROC       AD_DA_TASK
  -------         PROC          TEMPERATURE_TASK
  C:0003H         LINE#         239
BL51 BANKED LINKER/LOCATER V6.22.4.0                                                  03/20/2026  14:33:01  PAGE 10


  C:0003H         LINE#         240
  C:001AH         LINE#         241
  -------         ENDPROC       TEMPERATURE_TASK
  -------         PROC          TIMER0_INIT
  C:1C74H         LINE#         248
  C:1C74H         LINE#         249
  C:1C74H         LINE#         250
  C:1C77H         LINE#         251
  C:1C7AH         LINE#         252
  C:1C7DH         LINE#         253
  C:1C80H         LINE#         254
  C:1C82H         LINE#         255
  C:1C84H         LINE#         256
  C:1C86H         LINE#         257
  -------         ENDPROC       TIMER0_INIT
  -------         PROC          TIMER1_INIT
  C:1C36H         LINE#         263
  C:1C36H         LINE#         264
  C:1C36H         LINE#         265
  C:1C39H         LINE#         266
  C:1C3CH         LINE#         267
  C:1C3FH         LINE#         268
  C:1C42H         LINE#         269
  C:1C44H         LINE#         270
  C:1C46H         LINE#         271
  C:1C48H         LINE#         272
  C:1C4AH         LINE#         273
  -------         ENDPROC       TIMER1_INIT
  -------         PROC          TIMER1_SERVER
  C:12E0H         LINE#         278
  C:12FDH         LINE#         280
  C:1314H         LINE#         283
  C:131BH         LINE#         284
  C:132FH         LINE#         285
  C:133DH         LINE#         302
  C:1350H         LINE#         303
  C:1357H         LINE#         304
  C:1361H         LINE#         305
  C:1367H         LINE#         306
  C:1367H         LINE#         310
  C:136AH         LINE#         311
  C:136DH         LINE#         312
  -------         ENDPROC       TIMER1_SERVER
  -------         PROC          SCHEDULER_INIT
  C:001EH         LINE#         339
  C:001EH         LINE#         340
  C:0022H         LINE#         341
  -------         ENDPROC       SCHEDULER_INIT
  -------         PROC          SCHEDULER_RUN
  -------         DO            
  D:0024H         SYMBOL        i
  -------         DO            
  D:0025H         SYMBOL        now_time
  -------         ENDDO         
  -------         ENDDO         
  C:15DDH         LINE#         347
  C:15DDH         LINE#         350
BL51 BANKED LINKER/LOCATER V6.22.4.0                                                  03/20/2026  14:33:01  PAGE 11


  C:15E8H         LINE#         351
  C:15F5H         LINE#         352
  C:1624H         LINE#         353
  C:1638H         LINE#         354
  C:164AH         LINE#         355
  C:164AH         LINE#         356
  C:164EH         LINE#         357
  -------         ENDPROC       SCHEDULER_RUN
  -------         PROC          MAIN
  -------         DO            
  D:0023H         SYMBOL        eep_temp
  -------         ENDDO         
  C:1718H         LINE#         359
  C:1718H         LINE#         362
  C:171BH         LINE#         365
  C:1729H         LINE#         367
  C:1730H         LINE#         368
  C:173CH         LINE#         369
  C:174AH         LINE#         370
  C:1759H         LINE#         371
  C:1759H         LINE#         373
  C:1762H         LINE#         374
  C:1765H         LINE#         375
  C:1768H         LINE#         376
  C:176BH         LINE#         377
  C:176EH         LINE#         378
  C:176EH         LINE#         379
  C:1771H         LINE#         380
  -------         ENDPROC       MAIN
  -------         ENDMOD        MAIN

  -------         MODULE        SYS
  C:0000H         SYMBOL        _ICE_DUMMY_
  D:0080H         PUBLIC        P0
  D:0090H         PUBLIC        P1
  D:00A0H         PUBLIC        P2
  D:00B0H         PUBLIC        P3
  D:00C0H         PUBLIC        P4
  D:00C8H         PUBLIC        P5
  D:00E8H         PUBLIC        P6
  D:00F8H         PUBLIC        P7
  D:00A8H         PUBLIC        IE
  D:00B8H         PUBLIC        IP
  D:00D8H         PUBLIC        CCON
  D:0098H         PUBLIC        SCON
  D:0088H         PUBLIC        TCON
  C:1B1BH         PUBLIC        sys_init
  D:00D0H         PUBLIC        PSW
  -------         PROC          SYS_INIT
  -------         DO            
  D:0007H         SYMBOL        temp
  -------         ENDDO         
  C:1B1BH         LINE#         7
  C:1B1BH         LINE#         11
  C:1B1EH         LINE#         12
  C:1B24H         LINE#         13
  C:1B26H         LINE#         14
BL51 BANKED LINKER/LOCATER V6.22.4.0                                                  03/20/2026  14:33:01  PAGE 12


  C:1B2AH         LINE#         15
  C:1B2CH         LINE#         18
  C:1B2FH         LINE#         19
  C:1B35H         LINE#         20
  C:1B37H         LINE#         21
  C:1B3BH         LINE#         22
  C:1B3DH         LINE#         23
  -------         ENDPROC       SYS_INIT
  -------         ENDMOD        SYS

  -------         MODULE        KEY
  C:0000H         SYMBOL        _ICE_DUMMY_
  D:0080H         PUBLIC        P0
  D:0090H         PUBLIC        P1
  D:00A0H         PUBLIC        P2
  D:00B0H         PUBLIC        P3
  D:00C0H         PUBLIC        P4
  D:00C8H         PUBLIC        P5
  D:00E8H         PUBLIC        P6
  D:00F8H         PUBLIC        P7
  D:00A8H         PUBLIC        IE
  D:00B8H         PUBLIC        IP
  D:00D8H         PUBLIC        CCON
  B:00B0H.0       PUBLIC        P30
  B:00B0H.1       PUBLIC        P31
  D:0098H         PUBLIC        SCON
  B:00B0H.2       PUBLIC        P32
  D:0088H         PUBLIC        TCON
  B:00C0H.2       PUBLIC        P42
  B:00B0H.3       PUBLIC        P33
  B:00B0H.4       PUBLIC        P34
  B:00C0H.4       PUBLIC        P44
  B:00B0H.5       PUBLIC        P35
  C:142EH         PUBLIC        key_read
  D:00D0H         PUBLIC        PSW
  -------         PROC          KEY_READ
  -------         DO            
  D:0007H         SYMBOL        temp
  -------         ENDDO         
  C:142EH         LINE#         8
  C:142EH         LINE#         9
  C:1430H         LINE#         11
  C:1436H         LINE#         12
  C:143EH         LINE#         13
  C:1443H         LINE#         14
  C:1448H         LINE#         15
  C:144DH         LINE#         16
  C:1452H         LINE#         17
  C:145AH         LINE#         19
  C:145DH         LINE#         20
  C:1465H         LINE#         21
  C:146AH         LINE#         22
  C:146FH         LINE#         23
  C:1474H         LINE#         24
  C:1479H         LINE#         25
  C:1481H         LINE#         27
  C:1484H         LINE#         28
BL51 BANKED LINKER/LOCATER V6.22.4.0                                                  03/20/2026  14:33:01  PAGE 13


  C:148CH         LINE#         29
  C:1491H         LINE#         30
  C:1496H         LINE#         31
  C:149BH         LINE#         32
  C:14A0H         LINE#         33
  C:14A8H         LINE#         35
  C:14ABH         LINE#         36
  C:14B3H         LINE#         37
  C:14B8H         LINE#         38
  C:14BDH         LINE#         39
  C:14C2H         LINE#         40
  C:14C7H         LINE#         41
  C:14CFH         LINE#         43
  C:14D2H         LINE#         45
  C:14D2H         LINE#         46
  -------         ENDPROC       KEY_READ
  -------         ENDMOD        KEY

  -------         MODULE        SEG
  C:0000H         SYMBOL        _ICE_DUMMY_
  D:0080H         PUBLIC        P0
  D:0090H         PUBLIC        P1
  D:00A0H         PUBLIC        P2
  D:00B0H         PUBLIC        P3
  D:00C0H         PUBLIC        P4
  D:00C8H         PUBLIC        P5
  D:00E8H         PUBLIC        P6
  D:00F8H         PUBLIC        P7
  D:00A8H         PUBLIC        IE
  D:00B8H         PUBLIC        IP
  D:00D8H         PUBLIC        CCON
  D:0098H         PUBLIC        SCON
  D:0088H         PUBLIC        TCON
  D:0008H         PUBLIC        seg_dula
  C:17C0H         PUBLIC        _seg_disp
  D:00D0H         PUBLIC        PSW
  -------         PROC          _SEG_DISP
  D:0007H         SYMBOL        wela
  D:0005H         SYMBOL        dula
  B:0020H.0       SYMBOL        point
  -------         DO            
  D:0006H         SYMBOL        temp
  -------         ENDDO         
  C:17C0H         LINE#         11
  C:17C0H         LINE#         15
  C:17C3H         LINE#         16
  C:17C9H         LINE#         17
  C:17CBH         LINE#         18
  C:17D0H         LINE#         19
  C:17D2H         LINE#         23
  C:17DFH         LINE#         24
  C:17E5H         LINE#         25
  C:17E7H         LINE#         26
  C:17EBH         LINE#         27
  C:17EDH         LINE#         30
  C:17F4H         LINE#         31
  C:17F7H         LINE#         32
BL51 BANKED LINKER/LOCATER V6.22.4.0                                                  03/20/2026  14:33:01  PAGE 14


  C:17FAH         LINE#         33
  C:1800H         LINE#         34
  C:1802H         LINE#         35
  C:1806H         LINE#         36
  C:1808H         LINE#         37
  -------         ENDPROC       _SEG_DISP
  -------         ENDMOD        SEG

  -------         MODULE        LED
  C:0000H         SYMBOL        _ICE_DUMMY_
  D:0080H         PUBLIC        P0
  D:0090H         PUBLIC        P1
  D:00A0H         PUBLIC        P2
  D:00B0H         PUBLIC        P3
  D:00C0H         PUBLIC        P4
  D:00C8H         PUBLIC        P5
  D:00E8H         PUBLIC        P6
  D:00F8H         PUBLIC        P7
  D:00A8H         PUBLIC        IE
  D:00B8H         PUBLIC        IP
  C:19D1H         PUBLIC        relay
  D:00D8H         PUBLIC        CCON
  C:1A2BH         PUBLIC        buzzer
  C:19FEH         PUBLIC        motor
  D:0098H         PUBLIC        SCON
  D:0088H         PUBLIC        TCON
  I:0018H         PUBLIC        temp_1
  C:155FH         PUBLIC        _led_disp
  I:0019H         PUBLIC        temp_2
  C:1B9AH         PUBLIC        _led_off
  I:001AH         PUBLIC        temp_1_old
  I:001BH         PUBLIC        temp_2_old
  D:00D0H         PUBLIC        PSW
  -------         PROC          _LED_DISP
  D:0001H         SYMBOL        ucled
  -------         DO            
  D:0006H         SYMBOL        temp
  -------         ENDDO         
  C:155FH         LINE#         11
  C:155FH         LINE#         14
  C:1563H         LINE#         15
  C:15BEH         LINE#         19
  C:15C3H         LINE#         20
  C:15CAH         LINE#         21
  C:15D0H         LINE#         22
  C:15D2H         LINE#         23
  C:15D6H         LINE#         24
  C:15D8H         LINE#         25
  C:15DCH         LINE#         26
  C:15DCH         LINE#         27
  -------         ENDPROC       _LED_DISP
  -------         PROC          _LED_OFF
  D:0014H         SYMBOL        ucled
  -------         DO            
  D:0007H         SYMBOL        temp
  -------         ENDDO         
  C:1B9AH         LINE#         33
BL51 BANKED LINKER/LOCATER V6.22.4.0                                                  03/20/2026  14:33:01  PAGE 15


  C:1BA0H         LINE#         36
  C:1BA3H         LINE#         37
  C:1BA9H         LINE#         38
  C:1BABH         LINE#         39
  C:1BAFH         LINE#         40
  C:1BB1H         LINE#         42
  C:1BB5H         LINE#         43
  -------         ENDPROC       _LED_OFF
  -------         PROC          RELAY
  B:0021H.5       SYMBOL        en
  -------         DO            
  D:0006H         SYMBOL        temp
  -------         ENDDO         
  C:19D1H         LINE#         53
  C:19D1H         LINE#         56
  C:19D7H         LINE#         57
  C:19DAH         LINE#         58
  C:19DCH         LINE#         59
  C:19DCH         LINE#         60
  C:19DFH         LINE#         61
  C:19DFH         LINE#         64
  C:19E7H         LINE#         65
  C:19E7H         LINE#         66
  C:19EBH         LINE#         67
  C:19F1H         LINE#         68
  C:19F3H         LINE#         69
  C:19F7H         LINE#         70
  C:19F9H         LINE#         72
  C:19FDH         LINE#         73
  C:19FDH         LINE#         74
  -------         ENDPROC       RELAY
  -------         PROC          MOTOR
  B:0021H.6       SYMBOL        en
  -------         DO            
  D:0006H         SYMBOL        temp
  -------         ENDDO         
  C:19FEH         LINE#         81
  C:19FEH         LINE#         84
  C:1A04H         LINE#         85
  C:1A07H         LINE#         86
  C:1A09H         LINE#         87
  C:1A09H         LINE#         88
  C:1A0CH         LINE#         89
  C:1A0CH         LINE#         92
  C:1A14H         LINE#         93
  C:1A14H         LINE#         94
  C:1A18H         LINE#         95
  C:1A1EH         LINE#         96
  C:1A20H         LINE#         97
  C:1A24H         LINE#         98
  C:1A26H         LINE#         100
  C:1A2AH         LINE#         101
  C:1A2AH         LINE#         102
  -------         ENDPROC       MOTOR
  -------         PROC          BUZZER
  B:0021H.7       SYMBOL        en
  -------         DO            
BL51 BANKED LINKER/LOCATER V6.22.4.0                                                  03/20/2026  14:33:01  PAGE 16


  D:0006H         SYMBOL        temp
  -------         ENDDO         
  C:1A2BH         LINE#         109
  C:1A2BH         LINE#         112
  C:1A31H         LINE#         113
  C:1A34H         LINE#         114
  C:1A36H         LINE#         115
  C:1A36H         LINE#         116
  C:1A39H         LINE#         117
  C:1A39H         LINE#         120
  C:1A41H         LINE#         121
  C:1A41H         LINE#         122
  C:1A45H         LINE#         123
  C:1A4BH         LINE#         124
  C:1A4DH         LINE#         125
  C:1A51H         LINE#         126
  C:1A53H         LINE#         128
  C:1A57H         LINE#         129
  C:1A57H         LINE#         130
  -------         ENDPROC       BUZZER
  -------         ENDMOD        LED

  -------         MODULE        UART
  C:0000H         SYMBOL        _ICE_DUMMY_
  D:0080H         PUBLIC        P0
  D:0090H         PUBLIC        P1
  D:00A0H         PUBLIC        P2
  D:00B0H         PUBLIC        P3
  D:00C0H         PUBLIC        P4
  D:00C8H         PUBLIC        P5
  D:00E8H         PUBLIC        P6
  B:00A8H.7       PUBLIC        EA
  C:1C1FH         PUBLIC        uart1_init
  D:00F8H         PUBLIC        P7
  D:00A8H         PUBLIC        IE
  B:00A8H.4       PUBLIC        ES
  D:00B8H         PUBLIC        IP
  B:0098H.1       PUBLIC        TI
  D:00D8H         PUBLIC        CCON
  D:0099H         PUBLIC        SBUF
  D:0098H         PUBLIC        SCON
  D:0088H         PUBLIC        TCON
  D:008EH         PUBLIC        AUXR
  D:00D6H         PUBLIC        T2H
  D:00D7H         PUBLIC        T2L
  D:00D0H         PUBLIC        PSW
  C:1D08H         PUBLIC        _putchar
  -------         PROC          UART1_INIT
  C:1C1FH         LINE#         7
  C:1C1FH         LINE#         8
  C:1C22H         LINE#         9
  C:1C25H         LINE#         10
  C:1C28H         LINE#         11
  C:1C2BH         LINE#         12
  C:1C2EH         LINE#         13
  C:1C31H         LINE#         14
  C:1C33H         LINE#         15
BL51 BANKED LINKER/LOCATER V6.22.4.0                                                  03/20/2026  14:33:01  PAGE 17


  C:1C35H         LINE#         16
  -------         ENDPROC       UART1_INIT
  -------         PROC          _PUTCHAR
  D:0007H         SYMBOL        ch
  C:1D08H         LINE#         23
  C:1D08H         LINE#         24
  C:1D0AH         LINE#         25
  C:1D0DH         LINE#         26
  C:1D0FH         LINE#         27
  C:1D0FH         LINE#         28
  -------         ENDPROC       _PUTCHAR
  -------         ENDMOD        UART

  -------         MODULE        ULTRA
  C:0000H         SYMBOL        _ICE_DUMMY_
  D:0080H         PUBLIC        P0
  D:0090H         PUBLIC        P1
  D:00A0H         PUBLIC        P2
  D:00B0H         PUBLIC        P3
  D:00C0H         PUBLIC        P4
  D:00C8H         PUBLIC        P5
  D:00E8H         PUBLIC        P6
  B:00A8H.7       PUBLIC        EA
  D:00F8H         PUBLIC        P7
  B:00D8H.7       PUBLIC        CF
  D:00F9H         PUBLIC        CH
  D:00A8H         PUBLIC        IE
  D:00E9H         PUBLIC        CL
  B:00D8H.6       PUBLIC        CR
  D:00B8H         PUBLIC        IP
  D:00D9H         PUBLIC        CMOD
  D:00D8H         PUBLIC        CCON
  B:0090H.1       PUBLIC        RX
  B:0090H.0       PUBLIC        TX
  D:0098H         PUBLIC        SCON
  D:0088H         PUBLIC        TCON
  C:18C8H         PUBLIC        ultra_dat
  C:1D10H         PUBLIC        delay12us
  C:1C4BH         PUBLIC        ultrasonic_init
  D:00D0H         PUBLIC        PSW
  -------         PROC          DELAY12US
  -------         DO            
  D:0007H         SYMBOL        i
  -------         ENDDO         
  C:1D10H         LINE#         10
  C:1D10H         LINE#         13
  C:1D11H         LINE#         14
  C:1D13H         LINE#         15
  C:1D15H         LINE#         16
  -------         ENDPROC       DELAY12US
  -------         PROC          ULTRASONIC_INIT
  -------         DO            
  D:0006H         SYMBOL        i
  -------         ENDDO         
  C:1C4BH         LINE#         22
  C:1C4BH         LINE#         25
  C:1C4DH         LINE#         26
BL51 BANKED LINKER/LOCATER V6.22.4.0                                                  03/20/2026  14:33:01  PAGE 18


  C:1C4FH         LINE#         27
  C:1C51H         LINE#         28
  C:1C54H         LINE#         29
  C:1C56H         LINE#         30
  C:1C59H         LINE#         31
  C:1C5DH         LINE#         33
  C:1C5FH         LINE#         34
  -------         ENDPROC       ULTRASONIC_INIT
  -------         PROC          ULTRA_DAT
  -------         DO            
  D:0006H         SYMBOL        time
  -------         ENDDO         
  C:18C8H         LINE#         40
  C:18C8H         LINE#         44
  C:18CBH         LINE#         45
  C:18CFH         LINE#         47
  C:18D2H         LINE#         48
  C:18D4H         LINE#         49
  C:18DAH         LINE#         50
  C:18DCH         LINE#         53
  C:18DFH         LINE#         54
  C:18E7H         LINE#         55
  C:18FBH         LINE#         56
  C:18FBH         LINE#         58
  C:18FBH         LINE#         59
  C:18FDH         LINE#         60
  C:1900H         LINE#         61
  C:1900H         LINE#         62
  -------         ENDPROC       ULTRA_DAT
  -------         ENDMOD        ULTRA

  -------         MODULE        DS1302
  C:0000H         SYMBOL        _ICE_DUMMY_
  D:0080H         PUBLIC        P0
  D:0090H         PUBLIC        P1
  D:00A0H         PUBLIC        P2
  D:00B0H         PUBLIC        P3
  D:00C0H         PUBLIC        P4
  D:00C8H         PUBLIC        P5
  D:00E8H         PUBLIC        P6
  B:00A8H.7       PUBLIC        EA
  D:00F8H         PUBLIC        P7
  D:00A8H         PUBLIC        IE
  D:00B8H         PUBLIC        IP
  D:00D8H         PUBLIC        CCON
  D:0098H         PUBLIC        SCON
  D:0088H         PUBLIC        TCON
  C:1901H         PUBLIC        _read_rtc
  C:1970H         PUBLIC        _Read_Ds1302_Byte
  B:00A0H.3       PUBLIC        SDA
  C:1773H         PUBLIC        _write_rtc
  B:0090H.7       PUBLIC        SCK
  C:1C60H         PUBLIC        _Write_Ds1302_Byte
  C:1C87H         PUBLIC        _Write_Ds1302
  B:0090H.3       PUBLIC        RST
  D:00D0H         PUBLIC        PSW
  -------         PROC          _WRITE_DS1302
BL51 BANKED LINKER/LOCATER V6.22.4.0                                                  03/20/2026  14:33:01  PAGE 19


  D:0007H         SYMBOL        temp
  -------         DO            
  D:0006H         SYMBOL        i
  -------         ENDDO         
  C:1C87H         LINE#         14
  C:1C87H         LINE#         15
  C:1C87H         LINE#         17
  C:1C89H         LINE#         18
  C:1C89H         LINE#         19
  C:1C8BH         LINE#         20
  C:1C8FH         LINE#         21
  C:1C93H         LINE#         22
  C:1C95H         LINE#         23
  C:1C99H         LINE#         24
  -------         ENDPROC       _WRITE_DS1302
  -------         PROC          _WRITE_DS1302_BYTE
  D:0007H         SYMBOL        address
  D:0005H         SYMBOL        dat
  C:1C60H         LINE#         27
  C:1C60H         LINE#         28
  C:1C60H         LINE#         29
  C:1C63H         LINE#         30
  C:1C66H         LINE#         31
  C:1C69H         LINE#         32
  C:1C6CH         LINE#         33
  C:1C71H         LINE#         34
  C:1C73H         LINE#         35
  -------         ENDPROC       _WRITE_DS1302_BYTE
  -------         PROC          _READ_DS1302_BYTE
  D:0007H         SYMBOL        address
  -------         DO            
  D:0007H         SYMBOL        i
  D:0005H         SYMBOL        temp
  -------         ENDDO         
  C:1970H         LINE#         38
  C:1970H         LINE#         39
  C:1970H         LINE#         40
  C:1972H         LINE#         41
  C:1975H         LINE#         42
  C:1978H         LINE#         43
  C:197BH         LINE#         44
  C:197EH         LINE#         45
  C:1980H         LINE#         46
  C:1980H         LINE#         47
  C:1982H         LINE#         48
  C:1986H         LINE#         49
  C:1989H         LINE#         50
  C:198CH         LINE#         51
  C:198EH         LINE#         52
  C:1992H         LINE#         53
  C:1995H         LINE#         54
  C:1998H         LINE#         55
  C:199BH         LINE#         56
  C:199EH         LINE#         57
  C:19A1H         LINE#         58
  C:19A3H         LINE#         59
  -------         ENDPROC       _READ_DS1302_BYTE
BL51 BANKED LINKER/LOCATER V6.22.4.0                                                  03/20/2026  14:33:01  PAGE 20


  -------         PROC          _WRITE_RTC
  D:0024H         SYMBOL        ucRTC
  -------         DO            
  D:0004H         SYMBOL        i
  -------         ENDDO         
  C:1773H         LINE#         66
  C:1779H         LINE#         69
  C:1780H         LINE#         70
  C:1787H         LINE#         71
  C:1789H         LINE#         72
  C:17B5H         LINE#         73
  C:17B9H         LINE#         74
  -------         ENDPROC       _WRITE_RTC
  -------         PROC          _READ_RTC
  D:0023H         SYMBOL        ucRTC
  -------         DO            
  D:0007H         SYMBOL        temp
  D:0004H         SYMBOL        i
  -------         ENDDO         
  C:1901H         LINE#         82
  C:1907H         LINE#         86
  C:1909H         LINE#         87
  C:190BH         LINE#         88
  C:1917H         LINE#         89
  C:1932H         LINE#         90
  C:1936H         LINE#         91
  C:1938H         LINE#         92
  -------         ENDPROC       _READ_RTC
  -------         ENDMOD        DS1302

  -------         MODULE        IIC
  C:0000H         SYMBOL        _ICE_DUMMY_
  D:0080H         PUBLIC        P0
  D:0090H         PUBLIC        P1
  D:00A0H         PUBLIC        P2
  D:00B0H         PUBLIC        P3
  D:00C0H         PUBLIC        P4
  D:00C8H         PUBLIC        P5
  D:00E8H         PUBLIC        P6
  D:00F8H         PUBLIC        P7
  C:1809H         PUBLIC        _eeprom_read
  D:00A8H         PUBLIC        IE
  C:1C17H         SYMBOL        _I2C_Delay
  D:00B8H         PUBLIC        IP
  C:184BH         PUBLIC        _eeprom_write
  C:1B3EH         PUBLIC        I2CReceiveByte
  D:00D8H         PUBLIC        CCON
  D:0098H         PUBLIC        SCON
  D:0088H         PUBLIC        TCON
  B:00A0H.1       PUBLIC        sda
  B:00A0H.0       PUBLIC        scl
  C:1AD3H         PUBLIC        _ad_read
  C:1C9AH         PUBLIC        I2CStart
  C:1B7DH         PUBLIC        _da_write
  C:1BB6H         PUBLIC        _I2CSendAck
  C:1A58H         PUBLIC        _I2CSendByte
  C:1A96H         PUBLIC        I2CWaitAck
BL51 BANKED LINKER/LOCATER V6.22.4.0                                                  03/20/2026  14:33:01  PAGE 21


  C:1CD1H         PUBLIC        I2CStop
  D:00D0H         PUBLIC        PSW
  -------         PROC          L?0033
  -------         ENDPROC       L?0033
  -------         PROC          _I2C_DELAY
  D:0007H         SYMBOL        n
  C:1C17H         LINE#         16
  C:1C17H         LINE#         17
  C:1C17H         LINE#         19
  C:1C17H         LINE#         20
  C:1C18H         LINE#         21
  C:1C18H         LINE#         22
  C:1C1EH         LINE#         23
  -------         ENDPROC       _I2C_DELAY
  -------         PROC          I2CSTART
  C:1C9AH         LINE#         26
  C:1C9AH         LINE#         27
  C:1C9AH         LINE#         28
  C:1C9CH         LINE#         29
  C:1C9EH         LINE#         30
  C:1CA3H         LINE#         31
  C:1CA5H         LINE#         32
  C:1CAAH         LINE#         33
  C:1CACH         LINE#         34
  -------         ENDPROC       I2CSTART
  -------         PROC          I2CSTOP
  C:1CD1H         LINE#         37
  C:1CD1H         LINE#         38
  C:1CD1H         LINE#         39
  C:1CD3H         LINE#         40
  C:1CD5H         LINE#         41
  C:1CDAH         LINE#         42
  C:1CDCH         LINE#         43
  -------         ENDPROC       I2CSTOP
  -------         PROC          _I2CSENDBYTE
  D:0005H         SYMBOL        byt
  -------         DO            
  D:0004H         SYMBOL        i
  -------         ENDDO         
  C:1A58H         LINE#         47
  C:1A5AH         LINE#         48
  C:1A5AH         LINE#         51
  C:1A5CH         LINE#         52
  C:1A5EH         LINE#         53
  C:1A63H         LINE#         54
  C:1A67H         LINE#         55
  C:1A69H         LINE#         56
  C:1A6BH         LINE#         57
  C:1A6BH         LINE#         58
  C:1A6DH         LINE#         59
  C:1A6DH         LINE#         60
  C:1A72H         LINE#         61
  C:1A74H         LINE#         62
  C:1A78H         LINE#         63
  C:1A7DH         LINE#         64
  C:1A81H         LINE#         66
  C:1A83H         LINE#         67
BL51 BANKED LINKER/LOCATER V6.22.4.0                                                  03/20/2026  14:33:01  PAGE 22


  -------         ENDPROC       _I2CSENDBYTE
  -------         PROC          I2CRECEIVEBYTE
  -------         DO            
  D:0005H         SYMBOL        da
  D:0004H         SYMBOL        i
  -------         ENDDO         
  C:1B3EH         LINE#         70
  C:1B3EH         LINE#         71
  C:1B3EH         LINE#         74
  C:1B40H         LINE#         75
  C:1B42H         LINE#         76
  C:1B47H         LINE#         77
  C:1B4BH         LINE#         78
  C:1B4EH         LINE#         79
  C:1B51H         LINE#         80
  C:1B53H         LINE#         81
  C:1B58H         LINE#         82
  C:1B5CH         LINE#         83
  C:1B5EH         LINE#         84
  -------         ENDPROC       I2CRECEIVEBYTE
  C:1A8BH         SYMBOL        L?0035
  -------         PROC          L?0034
  -------         ENDPROC       L?0034
  C:1A8BH         SYMBOL        L?0035
  -------         PROC          I2CWAITACK
  -------         DO            
  D:0005H         SYMBOL        ackbit
  -------         ENDDO         
  C:1A96H         LINE#         87
  C:1A96H         LINE#         88
  C:1A96H         LINE#         91
  C:1A98H         LINE#         92
  C:1A9DH         LINE#         93
  C:1AA2H         LINE#         94
  C:1AA4H         LINE#         95
  C:1AA9H         LINE#         97
  C:1AABH         LINE#         98
  -------         ENDPROC       I2CWAITACK
  -------         PROC          _I2CSENDACK
  D:0007H         SYMBOL        ackbit
  C:1BB6H         LINE#         101
  C:1BB6H         LINE#         102
  C:1BB6H         LINE#         103
  C:1BB8H         LINE#         104
  C:1BBDH         LINE#         105
  C:1BC2H         LINE#         106
  C:1BC4H         LINE#         107
  C:1BC9H         LINE#         108
  C:1BCBH         LINE#         109
  C:1BCDH         LINE#         110
  -------         ENDPROC       _I2CSENDACK
  -------         PROC          _AD_READ
  D:0003H         SYMBOL        addr
  -------         DO            
  D:0005H         SYMBOL        temp
  -------         ENDDO         
  C:1AD3H         LINE#         118
BL51 BANKED LINKER/LOCATER V6.22.4.0                                                  03/20/2026  14:33:01  PAGE 23


  C:1AD5H         LINE#         119
  C:1AD5H         LINE#         123
  C:1AD8H         LINE#         124
  C:1ADAH         LINE#         125
  C:1ADAH         LINE#         126
  C:1ADAH         LINE#         127
  C:1ADDH         LINE#         130
  C:1AE0H         LINE#         131
  C:1AE5H         LINE#         132
  C:1AE8H         LINE#         133
  C:1AEDH         LINE#         134
  C:1AF2H         LINE#         135
  C:1AF5H         LINE#         137
  C:1AF7H         LINE#         138
  -------         ENDPROC       _AD_READ
  -------         PROC          _DA_WRITE
  D:0003H         SYMBOL        dat
  C:1B7DH         LINE#         144
  C:1B7FH         LINE#         145
  C:1B7FH         LINE#         146
  C:1B82H         LINE#         147
  C:1B87H         LINE#         148
  C:1B8AH         LINE#         149
  C:1B8FH         LINE#         150
  C:1B92H         LINE#         151
  C:1B97H         LINE#         152
  -------         ENDPROC       _DA_WRITE
  -------         PROC          _EEPROM_READ
  D:0024H         SYMBOL        str
  D:0003H         SYMBOL        addr
  D:0028H         SYMBOL        num
  C:1809H         LINE#         161
  C:180FH         LINE#         162
  C:180FH         LINE#         163
  C:180FH         LINE#         164
  C:180FH         LINE#         165
  C:180FH         LINE#         166
  C:180FH         LINE#         167
  C:1812H         LINE#         169
  C:1815H         LINE#         170
  C:181AH         LINE#         171
  C:181DH         LINE#         172
  C:1824H         LINE#         173
  C:1824H         LINE#         174
  C:1839H         LINE#         175
  C:183DH         LINE#         176
  C:1841H         LINE#         178
  C:1846H         LINE#         179
  C:1848H         LINE#         180
  -------         ENDPROC       _EEPROM_READ
  -------         PROC          _EEPROM_WRITE
  D:0023H         SYMBOL        str
  D:0003H         SYMBOL        addr
  D:0027H         SYMBOL        num
  C:184BH         LINE#         190
  C:1851H         LINE#         191
  C:1851H         LINE#         192
BL51 BANKED LINKER/LOCATER V6.22.4.0                                                  03/20/2026  14:33:01  PAGE 24


  C:1851H         LINE#         193
  C:1851H         LINE#         194
  C:1851H         LINE#         195
  C:1851H         LINE#         196
  C:1854H         LINE#         197
  C:185BH         LINE#         198
  C:185BH         LINE#         199
  C:1870H         LINE#         200
  C:1873H         LINE#         201
  C:1878H         LINE#         202
  C:187AH         LINE#         203
  C:187DH         LINE#         206
  C:187DH         LINE#         207
  C:187DH         LINE#         208
  C:187DH         LINE#         209
  C:1880H         LINE#         210
  C:1885H         LINE#         211
  C:1885H         LINE#         212
  C:1885H         LINE#         213
  C:1885H         LINE#         214
  C:1888H         LINE#         215
  -------         ENDPROC       _EEPROM_WRITE
  -------         ENDMOD        IIC

  -------         MODULE        ONEWIRE
  C:0000H         SYMBOL        _ICE_DUMMY_
  D:0080H         PUBLIC        P0
  D:0090H         PUBLIC        P1
  D:00A0H         PUBLIC        P2
  D:00B0H         PUBLIC        P3
  D:00C0H         PUBLIC        P4
  C:1BECH         PUBLIC        Read_DS18B20
  D:00C8H         PUBLIC        P5
  D:00E8H         PUBLIC        P6
  D:00F8H         PUBLIC        P7
  D:00A8H         PUBLIC        IE
  C:1BD6H         PUBLIC        _Delay_OneWire
  C:1B5FH         PUBLIC        _Write_DS18B20
  B:0090H.4       PUBLIC        DQ
  D:00B8H         PUBLIC        IP
  C:1AACH         PUBLIC        init_ds18b20
  D:00D8H         PUBLIC        CCON
  D:0098H         PUBLIC        SCON
  C:188DH         PUBLIC        read_temperature
  D:0088H         PUBLIC        TCON
  D:00D0H         PUBLIC        PSW
  C:1BD2H         SYMBOL        L?0020
  -------         PROC          L?0019
  -------         ENDPROC       L?0019
  C:1BD2H         SYMBOL        L?0020
  -------         PROC          _DELAY_ONEWIRE
  D:0006H         SYMBOL        t
  -------         DO            
  D:0005H         SYMBOL        i
  -------         ENDDO         
  C:1BD6H         LINE#         12
  C:1BD6H         LINE#         13
BL51 BANKED LINKER/LOCATER V6.22.4.0                                                  03/20/2026  14:33:01  PAGE 25


  C:1BD6H         LINE#         15
  C:1BE0H         LINE#         16
  C:1BEBH         LINE#         17
  C:1BEBH         LINE#         18
  -------         ENDPROC       _DELAY_ONEWIRE
  -------         PROC          _WRITE_DS18B20
  D:0001H         SYMBOL        dat
  -------         DO            
  D:0003H         SYMBOL        i
  -------         ENDDO         
  C:1B5FH         LINE#         21
  C:1B61H         LINE#         22
  C:1B61H         LINE#         24
  C:1B63H         LINE#         25
  C:1B63H         LINE#         26
  C:1B65H         LINE#         27
  C:1B69H         LINE#         28
  C:1B6CH         LINE#         29
  C:1B6EH         LINE#         30
  C:1B72H         LINE#         31
  C:1B76H         LINE#         32
  -------         ENDPROC       _WRITE_DS18B20
  -------         PROC          READ_DS18B20
  -------         DO            
  D:0003H         SYMBOL        i
  D:0004H         SYMBOL        dat
  -------         ENDDO         
  C:1BECH         LINE#         36
  C:1BECH         LINE#         37
  C:1BECH         LINE#         41
  C:1BEEH         LINE#         42
  C:1BEEH         LINE#         43
  C:1BF0H         LINE#         44
  C:1BF4H         LINE#         45
  C:1BF6H         LINE#         46
  C:1BF9H         LINE#         47
  C:1BF9H         LINE#         48
  C:1BFCH         LINE#         49
  C:1BFCH         LINE#         50
  C:1BFFH         LINE#         51
  C:1C03H         LINE#         52
  C:1C05H         LINE#         53
  -------         ENDPROC       READ_DS18B20
  -------         PROC          INIT_DS18B20
  -------         DO            
  B:0020H.1       SYMBOL        initflag
  -------         ENDDO         
  C:1AACH         LINE#         56
  C:1AACH         LINE#         57
  C:1AACH         LINE#         58
  C:1AAEH         LINE#         60
  C:1AB0H         LINE#         61
  C:1AB7H         LINE#         62
  C:1AB9H         LINE#         63
  C:1AC0H         LINE#         64
  C:1AC2H         LINE#         65
  C:1AC9H         LINE#         66
BL51 BANKED LINKER/LOCATER V6.22.4.0                                                  03/20/2026  14:33:01  PAGE 26


  C:1ACDH         LINE#         67
  C:1AD0H         LINE#         69
  C:1AD2H         LINE#         70
  -------         ENDPROC       INIT_DS18B20
  -------         PROC          READ_TEMPERATURE
  -------         DO            
  D:0001H         SYMBOL        low
  D:0007H         SYMBOL        high
  -------         ENDDO         
  C:188DH         LINE#         77
  C:188DH         LINE#         81
  C:1890H         LINE#         82
  C:1895H         LINE#         83
  C:189AH         LINE#         86
  C:18A1H         LINE#         89
  C:18A4H         LINE#         90
  C:18A9H         LINE#         91
  C:18AEH         LINE#         93
  C:18B3H         LINE#         94
  C:18B6H         LINE#         96
  -------         ENDPROC       READ_TEMPERATURE
  -------         ENDMOD        ONEWIRE

  -------         MODULE        ?C?FPMUL
  C:0026H         PUBLIC        ?C?FPMUL
  -------         ENDMOD        ?C?FPMUL

  -------         MODULE        ?C?FCAST
  C:0136H         PUBLIC        ?C?FCASTC
  C:0131H         PUBLIC        ?C?FCASTI
  C:012CH         PUBLIC        ?C?FCASTL
  -------         ENDMOD        ?C?FCAST

  -------         MODULE        ?C?CASTF
  C:016AH         PUBLIC        ?C?CASTF
  -------         ENDMOD        ?C?CASTF

  -------         MODULE        PRINTF
  D:0025H         PUBLIC        ?_PRINTF?BYTE
  D:0025H         PUBLIC        ?_SPRINTF?BYTE
  C:077DH         PUBLIC        _PRINTF
  C:0777H         PUBLIC        _SPRINTF
  -------         ENDMOD        PRINTF

  -------         MODULE        SCANF
  D:0025H         PUBLIC        ?_SCANF?BYTE
  D:0025H         PUBLIC        ?_SSCANF?BYTE
  C:0C0CH         PUBLIC        _SCANF
  C:0C08H         PUBLIC        _SSCANF
  -------         ENDMOD        SCANF

  -------         MODULE        ?C?FPROUND
  C:01EBH         PUBLIC        ?C?FPROUND
  -------         ENDMOD        ?C?FPROUND

  -------         MODULE        ?C?FPCONVERT
  C:021AH         PUBLIC        ?C?FPCONVERT
BL51 BANKED LINKER/LOCATER V6.22.4.0                                                  03/20/2026  14:33:01  PAGE 27


  -------         ENDMOD        ?C?FPCONVERT

  -------         MODULE        ?C?FPADD
  C:0324H         PUBLIC        ?C?FPADD
  C:0320H         PUBLIC        ?C?FPSUB
  -------         ENDMOD        ?C?FPADD

  -------         MODULE        ?C?FPDIV
  C:0418H         PUBLIC        ?C?FPDIV
  -------         ENDMOD        ?C?FPDIV

  -------         MODULE        ?C?FPNEG
  C:04B5H         PUBLIC        ?C?FPNEG
  -------         ENDMOD        ?C?FPNEG

  -------         MODULE        ?C?FTNPWR
  C:04F6H         PUBLIC        ?C?FTNPWR
  -------         ENDMOD        ?C?FTNPWR

  -------         MODULE        ?C?CLDPTR
  C:0536H         PUBLIC        ?C?CLDPTR
  -------         ENDMOD        ?C?CLDPTR

  -------         MODULE        ?C?CLDOPTR
  C:054FH         PUBLIC        ?C?CLDOPTR
  -------         ENDMOD        ?C?CLDOPTR

  -------         MODULE        ?C?CSTPTR
  C:057CH         PUBLIC        ?C?CSTPTR
  -------         ENDMOD        ?C?CSTPTR

  -------         MODULE        ?C?CSTOPTR
  C:058EH         PUBLIC        ?C?CSTOPTR
  -------         ENDMOD        ?C?CSTOPTR

  -------         MODULE        ?C?UIDIV
  C:05B0H         PUBLIC        ?C?UIDIV
  -------         ENDMOD        ?C?UIDIV

  -------         MODULE        ?C?ISTPTR
  C:0605H         PUBLIC        ?C?ISTPTR
  -------         ENDMOD        ?C?ISTPTR

  -------         MODULE        ?C?LNEG
  C:0624H         PUBLIC        ?C?LNEG
  -------         ENDMOD        ?C?LNEG

  -------         MODULE        ?C?ULCMP
  C:0632H         PUBLIC        ?C?ULCMP
  -------         ENDMOD        ?C?ULCMP

  -------         MODULE        ?C?LSTPTR
  C:0643H         PUBLIC        ?C?LSTPTR
  -------         ENDMOD        ?C?LSTPTR

  -------         MODULE        ?C?LLDIDATA
  C:065DH         PUBLIC        ?C?LLDIDATA
BL51 BANKED LINKER/LOCATER V6.22.4.0                                                  03/20/2026  14:33:01  PAGE 28


  -------         ENDMOD        ?C?LLDIDATA

  -------         MODULE        ?C?LLDIDATA0
  C:0669H         PUBLIC        ?C?LLDIDATA0
  -------         ENDMOD        ?C?LLDIDATA0

  -------         MODULE        ?C?LSTIDATA
  C:0676H         PUBLIC        ?C?LSTIDATA
  -------         ENDMOD        ?C?LSTIDATA

  -------         MODULE        ?C?PLDIDATA
  C:0682H         PUBLIC        ?C?PLDIDATA
  -------         ENDMOD        ?C?PLDIDATA

  -------         MODULE        ?C?PLDIIDATA
  C:068BH         PUBLIC        ?C?PLDIIDATA
  -------         ENDMOD        ?C?PLDIIDATA

  -------         MODULE        ?C?PILDIDATA
  C:069BH         PUBLIC        ?C?PILDIDATA
  -------         ENDMOD        ?C?PILDIDATA

  -------         MODULE        ?C?CCASE
  C:06ABH         PUBLIC        ?C?CCASE
  -------         ENDMOD        ?C?CCASE

  -------         MODULE        ?C?ICALL
  C:06D1H         PUBLIC        ?C?ICALL
  C:06D5H         PUBLIC        ?C?ICALL2
  -------         ENDMOD        ?C?ICALL

  -------         MODULE        GETCHAR
  B:0022H.0       PUBLIC        ?C?CHARLOADED
  D:0017H         PUBLIC        ?_UNGETCHAR?BYTE
  C:1CC0H         PUBLIC        GETCHAR
  -------         ENDMOD        GETCHAR

  -------         MODULE        UNGETC
  C:1D16H         PUBLIC        _UNGETCHAR
  -------         ENDMOD        UNGETC

  -------         MODULE        ISSPACE
  C:1CADH         PUBLIC        _isspace
  -------         ENDMOD        ISSPACE

  -------         MODULE        ?C?MEMSET
  C:06D7H         PUBLIC        ?C?MEMSET
  -------         ENDMOD        ?C?MEMSET

  -------         MODULE        ?C?LSTXDATA
  C:0703H         PUBLIC        ?C?LSTXDATA
  -------         ENDMOD        ?C?LSTXDATA

  -------         MODULE        ?C?LSTPDATA
  C:070FH         PUBLIC        ?C?LSTPDATA
  -------         ENDMOD        ?C?LSTPDATA

BL51 BANKED LINKER/LOCATER V6.22.4.0                                                  03/20/2026  14:33:01  PAGE 29


  -------         MODULE        _GETKEY
  C:1CECH         PUBLIC        _GETKEY
  -------         ENDMOD        _GETKEY

*** WARNING L16: UNCALLED SEGMENT, IGNORED FOR OVERLAY PROCESS
    SEGMENT: ?PR?_LED_OFF?LED

*** WARNING L16: UNCALLED SEGMENT, IGNORED FOR OVERLAY PROCESS
    SEGMENT: ?PR?RELAY?LED

*** WARNING L16: UNCALLED SEGMENT, IGNORED FOR OVERLAY PROCESS
    SEGMENT: ?PR?MOTOR?LED

*** WARNING L16: UNCALLED SEGMENT, IGNORED FOR OVERLAY PROCESS
    SEGMENT: ?PR?BUZZER?LED

*** WARNING L16: UNCALLED SEGMENT, IGNORED FOR OVERLAY PROCESS
    SEGMENT: ?PR?_DA_WRITE?IIC

Program Size: data=187.1 xdata=31 code=7451
LINK/LOCATE RUN COMPLETE.  5 WARNING(S),  0 ERROR(S)
