C51 COMPILER V9.60.7.0   MAIN                                                              06/14/2025 12:30:10 PAGE 1   


C51 COMPILER V9.60.7.0, COMPILATION OF MODULE MAIN
OBJECT MODULE PLACED IN .\Objects\main.obj
COMPILER INVOKED BY: C:\AAA\C51\BIN\C51.EXE ..\src\user\main.c OPTIMIZE(8,SPEED) BROWSE INCDIR(..\src\driver) DEBUG OBJE
                    -CTEXTEND PRINT(.\Listings\main.lst) TABS(2) OBJECT(.\Objects\main.obj)

line level    source

   1          #include <STC15F2K60S2.H>
   2          #include "system.h"
   3          #include "key.h"
   4          #include "seg.h"
   5          #include "led.h"
   6          #include "uart.h"
   7          #include "ultrasonic.h"
   8          #include "iic.h"
   9          #include "onewire.h"
  10          #include "ds1302.h"
  11          
  12          #include <stdio.h>
  13          #include <string.h>
  14          #include <intrins.h>
  15          
  16          /** scheduler **/
  17          idata unsigned long int uwTick = 0; //系统计时
  18          
  19          /** key **/
  20          idata unsigned char key_val, key_down, key_up, key_old;
  21          
  22          /** seg **/
  23          pdata unsigned char seg_buf[8] = {10,10,10,10,10,10,10,10};
  24          idata unsigned char seg_pos;
  25          
  26          /** led **/
  27          pdata unsigned char ucled[8] = {0,0,0,0,0,0,0,0};
  28          idata unsigned char pwm_period = 10; //pwm调光周期
  29          idata unsigned char pwm_duty = 1; //pwm调光占空比
  30          
  31          /** ad_da **/
  32          idata unsigned int ad_rd1_x100, ad_rb2_x100; 
  33          
  34          /** temperature **/
  35          idata unsigned int temperature_x100;
  36          
  37          /** RTC **/
  38          pdata unsigned char ucRTC[3] = {11,23,59};
  39          
  40          /** distance **/
  41          idata unsigned char dist;
  42          
  43          /** freq **/
  44          idata unsigned int freq;
  45          idata unsigned int timer_1s;
  46          
  47          /** Uart **/
  48          pdata unsigned char uart_buf[10];  //串口接收数据缓存区
  49          idata unsigned char uart_rx_index; //串口接收数据索引
  50          idata unsigned char uart_tick;  //串口接收时间
  51          idata bit uart_rx_flag;            //串口接收标志
  52          
  53          /** EEPROM **/
  54          idata unsigned char eep_lock = 16;
C51 COMPILER V9.60.7.0   MAIN                                                              06/14/2025 12:30:10 PAGE 2   

  55          idata unsigned int eep_read, eep_write;
  56          idata unsigned char eep_low, eep_high;
  57          
  58          
  59          void Delay(unsigned int time_ms)  //@12.000MHz
  60          {
  61   1        unsigned char data i, j;
  62   1        
  63   1        while(time_ms--)
  64   1        {
  65   2          i = 12;
  66   2          j = 169;
  67   2          do
  68   2          {
  69   3            while (--j);
  70   3          } while (--i);
  71   2        }
  72   1      }
  73          
  74          
  75          /*** key ***/
  76          void key_proc(void)
  77          {
  78   1        key_val = key_read();
  79   1        key_down = key_val & (key_val ^ key_old);
  80   1        key_up = ~key_val & (key_val ^ key_old);
  81   1        key_old = key_val;
  82   1        
  83   1        if(key_down == 4)
  84   1        {
  85   2          eep_write = freq;
  86   2          eeprom_write(&eep_write, 0, 2);
*** WARNING C182 IN LINE 86 OF ..\src\user\main.c: pointer to different objects
  87   2          eeprom_write(&eep_lock, 16, 1);
  88   2        }
  89   1      }
  90          
  91          /*** seg ***/
  92          void seg_proc(void)
  93          {
  94   1      //  seg_buf[0] = ad_rd1_x100 / 100 + '.'; 
  95   1      //  seg_buf[1] = ad_rd1_x100 / 10 % 10; 
  96   1      //  seg_buf[2] = ad_rd1_x100 % 10; 
  97   1      //  
  98   1      //  seg_buf[5] = ad_rb2_x100 / 100 + '.'; 
  99   1      //  seg_buf[6] = ad_rb2_x100 / 10 % 10; 
 100   1      //  seg_buf[7] = ad_rb2_x100 % 10; 
 101   1        
 102   1      //  seg_buf[0] = temperature_x100 / 1000; 
 103   1      //  seg_buf[1] = temperature_x100 / 100 % 10 + '.'; 
 104   1      //  seg_buf[2] = temperature_x100 / 10 % 10; 
 105   1      //  seg_buf[3] = temperature_x100 % 10; 
 106   1      
 107   1      //  seg_buf[2] = seg_buf[5] = 11;
 108   1      //  seg_buf[0] = ucRTC[0] / 10;
 109   1      //  seg_buf[1] = ucRTC[0] % 10;
 110   1      //  seg_buf[3] = ucRTC[1] / 10;
 111   1      //  seg_buf[4] = ucRTC[1] % 10;
 112   1      //  seg_buf[6] = ucRTC[2] / 10;
 113   1      //  seg_buf[7] = ucRTC[2] % 10;
 114   1        
 115   1      //  seg_buf[0] = dist / 100;
C51 COMPILER V9.60.7.0   MAIN                                                              06/14/2025 12:30:10 PAGE 3   

 116   1      //  seg_buf[1] = dist / 10 % 10; 
 117   1      //  seg_buf[2] = dist % 10;
 118   1      
 119   1      //  seg_buf[0] = freq / 10000;
 120   1      //  seg_buf[1] = freq / 1000 % 10;
 121   1      //  seg_buf[2] = freq / 100 % 10;
 122   1      //  seg_buf[3] = freq / 10 % 10;
 123   1      //  seg_buf[4] = freq % 10;
 124   1        
 125   1        seg_buf[0] = freq / 1000;
 126   1        seg_buf[1] = freq / 100 % 10;
 127   1        seg_buf[2] = freq / 10 % 10;
 128   1        seg_buf[3] = freq % 10;
 129   1        
 130   1        seg_buf[4] = eep_read / 1000;
 131   1        seg_buf[5] = eep_read / 100 % 10;
 132   1        seg_buf[6] = eep_read / 10 % 10;
 133   1        seg_buf[7] = eep_read % 10;
 134   1        
 135   1        printf("hello");
 136   1      }
 137          
 138          /*** led ***/
 139          void led_proc(void)
 140          {
 141   1      //  led_disp(ucled);
 142   1      }
 143          
 144          /*** ad_da ***/
 145          void ad_da_proc(void)
 146          {
 147   1        //多通道ad转换反读
 148   1        ad_rd1_x100 = ad_read(0x43) * 100 / 51;
 149   1        ad_rb2_x100 = ad_read(0x41) * 100 / 51;
 150   1        da_write(2 * 51);
 151   1      }
 152          
 153          /*** temperature ***/
 154          void get_temperature(void)
 155          {
 156   1        temperature_x100 = read_temperature() * 100;
 157   1      }
 158          
 159          /*** RTC ***/
 160          void get_time(void)
 161          {
 162   1        Read_RTC(ucRTC);    
 163   1      }
 164          
 165          /*** distance ***/
 166          void get_dist(void)
 167          {
 168   1        dist = ultrasonic_dat();
 169   1      }
 170          
 171          /*** Timer 0 - NE555 ***/
 172          void Timer0_Init(void)    //100微秒@12.000MHz
 173          {
 174   1        AUXR &= 0x7F;     //定时器时钟12T模式
 175   1        TMOD &= 0xF0;     //设置定时器模式
 176   1        TMOD |= 0x05;     //设置计数器模式
 177   1        TL0 = 0x00;       //设置定时初始值
C51 COMPILER V9.60.7.0   MAIN                                                              06/14/2025 12:30:10 PAGE 4   

 178   1        TH0 = 0x00;       //设置定时初始值
 179   1        TF0 = 0;        //清除TF0标志
 180   1        TR0 = 1;        //定时器0开始计时
 181   1      }
 182          
 183          
 184          /*** Timer 1 ***/
 185          void Timer1_Init(void)    //1毫秒@12.000MHz
 186          {
 187   1        AUXR &= 0xBF;     //定时器时钟12T模式
 188   1        TMOD &= 0x0F;     //设置定时器模式
 189   1        TL1 = 0x18;       //设置定时初始值
 190   1        TH1 = 0xFC;       //设置定时初始值
 191   1        TF1 = 0;        //清除TF1标志
 192   1        TR1 = 1;        //定时器1开始计时
 193   1        ET1 = 1;
 194   1        EA = 1;
 195   1      }
 196          
 197          void timer1_server(void) interrupt 3
 198          {
 199   1        //系统时钟
 200   1        uwTick++;
 201   1        //seg
 202   1        seg_pos = (++seg_pos) % 8;
 203   1        if(seg_buf[seg_pos] > 20) seg_disp(seg_pos, seg_buf[seg_pos] - '.', 1);
 204   1        else seg_disp(seg_pos, seg_buf[seg_pos], 0);
 205   1        //led - pwm
 206   1        if(++pwm_period >= 10) 
 207   1          pwm_period = 0;
 208   1        if(pwm_period < pwm_duty)
 209   1        {
 210   2          led_disp(ucled);
 211   2        }
 212   1        else
 213   1        {
 214   2          led_off();
 215   2        }
 216   1        //freq
 217   1        if(++timer_1s >= 1000)
 218   1        {
 219   2          timer_1s = 0;
 220   2          freq = (TH0 << 8) | TL0;
 221   2          TL0 = TH0 = 0;
 222   2        }
 223   1        //uart
 224   1        if(uart_rx_flag)
 225   1          uart_tick++;
 226   1      }
 227          
 228          /*** Uart 1 ***/
 229          void uart_proc(void)
 230          {
 231   1        unsigned char x, y;
 232   1        
 233   1        //无数据返回
 234   1        if (uart_rx_index == 0) return; 
 235   1        
 236   1        //超时解析
 237   1        if(uart_tick >= 10)
 238   1        {
 239   2          uart_rx_flag = 0;
C51 COMPILER V9.60.7.0   MAIN                                                              06/14/2025 12:30:10 PAGE 5   

 240   2          uart_tick = 0;
 241   2          //串口数据解析
 242   2          if(sscanf(uart_buf, "%bu, %bu", &x, &y) == 2)
 243   2            printf("x = %bu, y = %bu", x, y);
 244   2          else
 245   2            printf("error!");
 246   2          
 247   2          memset(uart_buf, 0, uart_rx_index);
 248   2          uart_rx_index = 0;
 249   2        }   
 250   1      }
 251          
 252          void uart1_server() interrupt 4
 253          {
 254   1        if(RI)
 255   1        {
 256   2          uart_rx_flag = 1;
 257   2          uart_tick = 0;
 258   2          uart_buf[uart_rx_index++] = SBUF;
 259   2          RI = 0;
 260   2          //缓存区溢出处理
 261   2          if(uart_rx_index > 10)
 262   2          {
 263   3            uart_rx_index = 0;
 264   3            memset(uart_buf, 0, 10);
 265   3          }
 266   2        }
 267   1      }
 268          
 269          /*< 调度器任务结构体定义 >*/
 270          typedef struct
 271          {
 272            void (*task_func)(void); //任务函数
 273            unsigned long int rate_ms; //任务周期
 274            unsigned long int last_ms;  //上次执行的时间
 275          }task_t;
 276          
 277          /*< 调度器任务列表数组 >*/
 278          idata task_t scheduler_task[] = 
 279          {
 280            {key_proc, 10, 0},
 281            {led_proc, 1, 0},
 282            {seg_proc, 200, 0},
 283            {ad_da_proc, 160, 0},
 284            {get_temperature, 200, 0},
 285            {get_time, 300, 0},
 286            {get_dist, 100, 0},
 287            {uart_proc, 10, 0}
 288          };
 289          
 290          /*< 调度器初始化函数 >*/
 291          idata unsigned char task_num;
 292          
 293          void scheduler_init(void)
 294          {
 295   1        task_num = sizeof(scheduler_task) / sizeof(task_t);
 296   1      }
 297          
 298          /*< 调度器运行函数 >*/
 299          void scheduler_run(void)
 300          {
 301   1        unsigned char i;
C51 COMPILER V9.60.7.0   MAIN                                                              06/14/2025 12:30:10 PAGE 6   

 302   1        for(i = 0; i < task_num; i++)
 303   1        {
 304   2          unsigned long int now_time = uwTick; //获取当前时间
 305   2          if(now_time >= scheduler_task[i].rate_ms + scheduler_task[i].last_ms)
 306   2          {
 307   3            scheduler_task[i].last_ms = now_time; // 更新任务上次运行时间
 308   3            scheduler_task[i].task_func();        // 执行任务
 309   3          }     
 310   2        }
 311   1      }
 312          
 313          void main(void)
 314          {
 315   1        unsigned char eep_temp;
 316   1        
 317   1        sys_init();
 318   1        eeprom_read(&eep_temp, 16, 1);  
 319   1        if(eep_temp == eep_lock)
 320   1        {
 321   2          eeprom_read(&eep_high, 0, 1);
 322   2          eeprom_read(&eep_low, 1, 1);
 323   2          eep_read = (eep_high << 8) | eep_low;
 324   2        }
 325   1      
 326   1        read_temperature();
 327   1        Delay(750);
 328   1        Set_RTC(ucRTC);
 329   1        Uart1_Init();
 330   1        Timer0_Init();
 331   1        scheduler_init(); 
 332   1        Timer1_Init();
 333   1        while(1)
 334   1        {
 335   2          scheduler_run();
 336   2        }
 337   1      }


MODULE INFORMATION:   STATIC OVERLAYABLE
   CODE SIZE        =   1076    ----
   CONSTANT SIZE    =     39    ----
   XDATA SIZE       =   ----    ----
   PDATA SIZE       =     29    ----
   DATA SIZE        =   ----       8
   IDATA SIZE       =    120    ----
   BIT SIZE         =      1    ----
END OF MODULE INFORMATION.


C51 COMPILATION COMPLETE.  1 WARNING(S),  0 ERROR(S)
