C51 COMPILER V9.60.7.0   SEG                                                               05/21/2025 16:59:02 PAGE 1   


C51 COMPILER V9.60.7.0, COMPILATION OF MODULE SEG
OBJECT MODULE PLACED IN .\Objects\seg.obj
COMPILER INVOKED BY: C:\AAA\C51\BIN\C51.EXE ..\src\driver\seg.c OPTIMIZE(8,SPEED) BROWSE INCDIR(..\src\driver) DEBUG OBJ
                    -ECTEXTEND PRINT(.\Listings\seg.lst) TABS(2) OBJECT(.\Objects\seg.obj)

line level    source

   1          #include <seg.h>
   2          
   3          unsigned char seg_dula[] = {0xC0,0xF9,0xA4,0xB0,0x99,0x92,0x82,0xF8,0x80,0x90,0xFF,0xBF};
   4          
   5          void seg_disp(unsigned char wela, dula, point)
   6          {
   7   1        unsigned char temp;
   8   1        
   9   1        /* 消影 */  
  10   1        P0 = 0xff;
  11   1        temp = P2 & 0x1f;
  12   1        temp = temp | 0xe0;
  13   1        P2 = temp;
  14   1        temp = P2 & 0x1f;
  15   1        P2 = temp;    
  16   1          
  17   1        /* 位选 */
  18   1        P0 = 0x01 << wela;
  19   1        temp = P2 & 0x1f;
  20   1        temp = temp | 0xc0;
  21   1        P2 = temp;
  22   1        temp = P2 & 0x1f;
  23   1        P2 = temp;    
  24   1        
  25   1        /* 段选 */
  26   1        P0 = seg_dula[dula];
  27   1        if(point)
  28   1          P0 &= 0x7f; 
  29   1        temp = P2 & 0x1f;
  30   1        temp = temp | 0xe0;
  31   1        P2 = temp;
  32   1        temp = P2 & 0x1f;
  33   1        P2 = temp;      
  34   1      }


MODULE INFORMATION:   STATIC OVERLAYABLE
   CODE SIZE        =     80    ----
   CONSTANT SIZE    =   ----    ----
   XDATA SIZE       =   ----    ----
   PDATA SIZE       =   ----    ----
   DATA SIZE        =     12    ----
   IDATA SIZE       =   ----    ----
   BIT SIZE         =   ----    ----
END OF MODULE INFORMATION.


C51 COMPILATION COMPLETE.  0 WARNING(S),  0 ERROR(S)
