C51 COMPILER V9.54   DS1302                                                                03/23/2025 15:40:34 PAGE 1   


C51 COMPILER V9.54, COMPILATION OF MODULE DS1302
OBJECT MODULE PLACED IN .\Objects\DS1302.obj
COMPILER INVOKED BY: C:\AAA\C51\BIN\C51.EXE ..\Driver\DS1302.c OPTIMIZE(8,SPEED) BROWSE INCDIR(..\Driver) DEBUG OBJECTEX
                    -TEND PRINT(.\Listings\DS1302.lst) TABS(2) OBJECT(.\Objects\DS1302.obj)

line level    source

   1          #include <DS1302.h>
   2          #include <intrins.h>
   3          
   4          sbit RST = P1^3;
   5          sbit SCK = P1^7;
   6          sbit SDA = P2^3;
   7          
   8          void Write_DS1302(unsigned char temp) 
   9          {
  10   1        unsigned char i;
  11   1        for (i=0;i<8;i++)       
  12   1        { 
  13   2          SCK = 0;
  14   2          SDA = temp & 0x01;
  15   2          temp >>= 1; 
  16   2          SCK = 1;
  17   2        }
  18   1      }   
  19          
  20          void Write_DS1302_Byte( unsigned char address, dat )     
  21          {
  22   1        RST=0;  _nop_();
  23   1        SCK=0;  _nop_();
  24   1        RST=1;  _nop_();  
  25   1        Write_DS1302(address);  
  26   1        Write_DS1302(dat);    
  27   1        RST=0; 
  28   1      }
  29          
  30          unsigned char Read_DS1302_Byte ( unsigned char address )
  31          {
  32   1        unsigned char i,temp=0x00;
  33   1        RST=0;  _nop_();
  34   1        SCK=0;  _nop_();
  35   1        RST=1;  _nop_();
  36   1        Write_DS1302(address);
  37   1        for (i=0;i<8;i++)   
  38   1        {   
  39   2          SCK=0;
  40   2          temp>>=1; 
  41   2          if(SDA)
  42   2          temp|=0x80; 
  43   2          SCK=1;
  44   2        } 
  45   1        RST=0;  _nop_();
  46   1        SCK=0;  _nop_();
  47   1        SCK=1;  _nop_();
  48   1        SDA=0;  _nop_();
  49   1        SDA=1;  _nop_();
  50   1        return (temp);      
  51   1      }
  52          
  53          void Write_RTC(unsigned char* ucRTC)
  54          {
C51 COMPILER V9.54   DS1302                                                                03/23/2025 15:40:34 PAGE 2   

  55   1        Write_DS1302_Byte(0x8e,0x00);
  56   1        Write_DS1302_Byte(0x84,ucRTC[0] / 10 * 16 + ucRTC[0] % 10);
  57   1        Write_DS1302_Byte(0x82,ucRTC[1] / 10 * 16 + ucRTC[1] % 10);
  58   1        Write_DS1302_Byte(0x80,ucRTC[2] / 10 * 16 + ucRTC[2] % 10);
  59   1        Write_DS1302_Byte(0x8e,0x80);
  60   1      }
  61          
  62          void Read_RTC(unsigned char* ucRTC)
  63          {
  64   1        ucRTC[0] = Read_DS1302_Byte(0x85) / 16 * 10 + Read_DS1302_Byte(0x85) % 16;
  65   1        ucRTC[1] = Read_DS1302_Byte(0x83) / 16 * 10 + Read_DS1302_Byte(0x83) % 16;
  66   1        ucRTC[2] = Read_DS1302_Byte(0x81) / 16 * 10 + Read_DS1302_Byte(0x81) % 16;
  67   1      }


MODULE INFORMATION:   STATIC OVERLAYABLE
   CODE SIZE        =    293    ----
   CONSTANT SIZE    =   ----    ----
   XDATA SIZE       =   ----    ----
   PDATA SIZE       =   ----    ----
   DATA SIZE        =   ----    ----
   IDATA SIZE       =   ----    ----
   BIT SIZE         =   ----    ----
END OF MODULE INFORMATION.


C51 COMPILATION COMPLETE.  0 WARNING(S),  0 ERROR(S)
